Jul  5 19:36:19 ur-20195500451 kernel: Linux version 4.9.65-rt57ur (vagrant@debian-8) (gcc version 4.9.2 (Debian 4.9.2-10+deb8u1) ) #1 SMP PREEMPT RT Fri Mar 16 08:51:19 UTC 2018
Jul  5 19:36:19 ur-20195500451 kernel: KERNEL supported cpus:
Jul  5 19:36:19 ur-20195500451 kernel:  Intel GenuineIntel
Jul  5 19:36:19 ur-20195500451 kernel: x86/fpu: Legacy x87 FPU detected.
Jul  5 19:36:19 ur-20195500451 kernel: x86/fpu: Using 'eager' FPU context switches.
Jul  5 19:36:19 ur-20195500451 kernel: e820: BIOS-provided physical RAM map:
Jul  5 19:36:19 ur-20195500451 kernel: BIOS-e820: [mem 0x0000000000000000-0x000000000009ebff] usable
Jul  5 19:36:19 ur-20195500451 kernel: BIOS-e820: [mem 0x000000000009ec00-0x000000000009ffff] reserved
Jul  5 19:36:19 ur-20195500451 kernel: BIOS-e820: [mem 0x00000000000e0000-0x00000000000fffff] reserved
Jul  5 19:36:19 ur-20195500451 kernel: BIOS-e820: [mem 0x0000000000100000-0x000000001effffff] usable
Jul  5 19:36:19 ur-20195500451 kernel: BIOS-e820: [mem 0x000000001f000000-0x000000001f0fffff] reserved
Jul  5 19:36:19 ur-20195500451 kernel: BIOS-e820: [mem 0x000000001f100000-0x000000001fffffff] usable
Jul  5 19:36:19 ur-20195500451 kernel: BIOS-e820: [mem 0x0000000020000000-0x00000000200fffff] reserved
Jul  5 19:36:19 ur-20195500451 kernel: BIOS-e820: [mem 0x0000000020100000-0x000000006d26efff] usable
Jul  5 19:36:19 ur-20195500451 kernel: BIOS-e820: [mem 0x000000006d26f000-0x000000006d29efff] reserved
Jul  5 19:36:19 ur-20195500451 kernel: BIOS-e820: [mem 0x000000006d29f000-0x000000006d3bcfff] usable
Jul  5 19:36:19 ur-20195500451 kernel: BIOS-e820: [mem 0x000000006d3bd000-0x000000006d806fff] ACPI NVS
Jul  5 19:36:19 ur-20195500451 kernel: BIOS-e820: [mem 0x000000006d807000-0x000000006db36fff] reserved
Jul  5 19:36:19 ur-20195500451 kernel: BIOS-e820: [mem 0x000000006db37000-0x000000006db37fff] usable
Jul  5 19:36:19 ur-20195500451 kernel: BIOS-e820: [mem 0x000000006db38000-0x000000006db79fff] reserved
Jul  5 19:36:19 ur-20195500451 kernel: BIOS-e820: [mem 0x000000006db7a000-0x000000006dd22fff] usable
Jul  5 19:36:19 ur-20195500451 kernel: BIOS-e820: [mem 0x000000006dd23000-0x000000006dff9fff] reserved
Jul  5 19:36:19 ur-20195500451 kernel: BIOS-e820: [mem 0x000000006dffa000-0x000000006dffffff] usable
Jul  5 19:36:19 ur-20195500451 kernel: BIOS-e820: [mem 0x00000000e0000000-0x00000000efffffff] reserved
Jul  5 19:36:19 ur-20195500451 kernel: BIOS-e820: [mem 0x00000000feb00000-0x00000000fec00fff] reserved
Jul  5 19:36:19 ur-20195500451 kernel: BIOS-e820: [mem 0x00000000fed01000-0x00000000fed01fff] reserved
Jul  5 19:36:19 ur-20195500451 kernel: BIOS-e820: [mem 0x00000000fed03000-0x00000000fed03fff] reserved
Jul  5 19:36:19 ur-20195500451 kernel: BIOS-e820: [mem 0x00000000fed08000-0x00000000fed08fff] reserved
Jul  5 19:36:19 ur-20195500451 kernel: BIOS-e820: [mem 0x00000000fed0c000-0x00000000fed0ffff] reserved
Jul  5 19:36:19 ur-20195500451 kernel: BIOS-e820: [mem 0x00000000fed1c000-0x00000000fed1cfff] reserved
Jul  5 19:36:19 ur-20195500451 kernel: BIOS-e820: [mem 0x00000000fee00000-0x00000000fee00fff] reserved
Jul  5 19:36:19 ur-20195500451 kernel: BIOS-e820: [mem 0x00000000fef00000-0x00000000feffffff] reserved
Jul  5 19:36:19 ur-20195500451 kernel: BIOS-e820: [mem 0x00000000ffb00000-0x00000000ffffffff] reserved
Jul  5 19:36:19 ur-20195500451 kernel: process: using polling idle threads
Jul  5 19:36:19 ur-20195500451 kernel: Notice: NX (Execute Disable) protection cannot be enabled: non-PAE kernel!
Jul  5 19:36:19 ur-20195500451 kernel: SMBIOS 3.0 present.
Jul  5 19:36:19 ur-20195500451 kernel: DMI: Default string Default string/Q7-BT, BIOS S1.53.3.0 05/18/2018
Jul  5 19:36:19 ur-20195500451 kernel: e820: update [mem 0x00000000-0x00000fff] usable ==> reserved
Jul  5 19:36:19 ur-20195500451 kernel: e820: remove [mem 0x000a0000-0x000fffff] usable
Jul  5 19:36:19 ur-20195500451 kernel: e820: last_pfn = 0x6e000 max_arch_pfn = 0x100000
Jul  5 19:36:19 ur-20195500451 kernel: MTRR default type: uncachable
Jul  5 19:36:19 ur-20195500451 kernel: MTRR fixed ranges enabled:
Jul  5 19:36:19 ur-20195500451 kernel:  00000-9FFFF write-back
Jul  5 19:36:19 ur-20195500451 kernel:  A0000-BFFFF uncachable
Jul  5 19:36:19 ur-20195500451 kernel:  C0000-FFFFF write-protect
Jul  5 19:36:19 ur-20195500451 kernel: MTRR variable ranges enabled:
Jul  5 19:36:19 ur-20195500451 kernel:  0 base 000000000 mask FC0000000 write-back
Jul  5 19:36:19 ur-20195500451 kernel:  1 base 040000000 mask FE0000000 write-back
Jul  5 19:36:19 ur-20195500451 kernel:  2 base 060000000 mask FF0000000 write-back
Jul  5 19:36:19 ur-20195500451 kernel:  3 base 06E000000 mask FFE000000 uncachable
Jul  5 19:36:19 ur-20195500451 kernel:  4 disabled
Jul  5 19:36:19 ur-20195500451 kernel:  5 disabled
Jul  5 19:36:19 ur-20195500451 kernel:  6 disabled
Jul  5 19:36:19 ur-20195500451 kernel:  7 disabled
Jul  5 19:36:19 ur-20195500451 kernel: x86/PAT: Configuration [0-7]: WB  WC  UC- UC  WB  WC  UC- WT  
Jul  5 19:36:19 ur-20195500451 kernel: found SMP MP-table at [mem 0x000fd8b0-0x000fd8bf] mapped at [c00fd8b0]
Jul  5 19:36:19 ur-20195500451 kernel: initial memory mapped: [mem 0x00000000-0x01bfffff]
Jul  5 19:36:19 ur-20195500451 kernel: Base memory trampoline at [c009a000] 9a000 size 16384
Jul  5 19:36:19 ur-20195500451 kernel: BRK [0x01778000, 0x01778fff] PGTABLE
Jul  5 19:36:19 ur-20195500451 kernel: BRK [0x01779000, 0x01779fff] PGTABLE
Jul  5 19:36:19 ur-20195500451 kernel: BRK [0x0177a000, 0x0177afff] PGTABLE
Jul  5 19:36:19 ur-20195500451 kernel: RAMDISK: [mem 0x36e7a000-0x37734fff]
Jul  5 19:36:19 ur-20195500451 kernel: ACPI: Early table checksum verification disabled
Jul  5 19:36:19 ur-20195500451 kernel: ACPI: RSDP 0x00000000000F0580 000024 (v02 ALASKA)
Jul  5 19:36:19 ur-20195500451 kernel: ACPI: XSDT 0x000000006D764080 000084 (v01 ALASKA A M I    01072009 AMI  00010013)
Jul  5 19:36:19 ur-20195500451 kernel: ACPI: FACP 0x000000006D76E6E8 00010C (v05 ALASKA A M I    01072009 AMI  00010013)
Jul  5 19:36:19 ur-20195500451 kernel: ACPI: DSDT 0x000000006D7641A0 00A543 (v02 ALASKA A M I    01072009 INTL 20120913)
Jul  5 19:36:19 ur-20195500451 kernel: ACPI: FACS 0x000000006D806F80 000040
Jul  5 19:36:19 ur-20195500451 kernel: ACPI: APIC 0x000000006D76E7F8 000084 (v03 ALASKA A M I    01072009 AMI  00010013)
Jul  5 19:36:19 ur-20195500451 kernel: ACPI: FPDT 0x000000006D76E880 000044 (v01 ALASKA A M I    01072009 AMI  00010013)
Jul  5 19:36:19 ur-20195500451 kernel: ACPI: FIDT 0x000000006D76E8C8 00009C (v01 ALASKA A M I    01072009 AMI  00010013)
Jul  5 19:36:19 ur-20195500451 kernel: ACPI: LPIT 0x000000006D76E968 000104 (v01 ALASKA A M I    00000003 VLV2 0100000D)
Jul  5 19:36:19 ur-20195500451 kernel: ACPI: MCFG 0x000000006D76EA70 00003C (v01 ALASKA A M I    01072009 MSFT 00000097)
Jul  5 19:36:19 ur-20195500451 kernel: ACPI: HPET 0x000000006D76EAB0 000038 (v01 ALASKA A M I    01072009 AMI. 00000005)
Jul  5 19:36:19 ur-20195500451 kernel: ACPI: SSDT 0x000000006D76EAE8 000763 (v01 PmRef  CpuPm    00003000 INTL 20061109)
Jul  5 19:36:19 ur-20195500451 kernel: ACPI: SSDT 0x000000006D76F250 000290 (v01 PmRef  Cpu0Tst  00003000 INTL 20061109)
Jul  5 19:36:19 ur-20195500451 kernel: ACPI: SSDT 0x000000006D76F4E0 00017A (v01 PmRef  ApTst    00003000 INTL 20061109)
Jul  5 19:36:19 ur-20195500451 kernel: ACPI: UEFI 0x000000006D76F660 000042 (v01 ALASKA A M I    00000000      00000000)
Jul  5 19:36:19 ur-20195500451 kernel: ACPI: CSRT 0x000000006D76F6A8 00014C (v00 INTEL  EDK2     00000005 INTL 20120624)
Jul  5 19:36:19 ur-20195500451 kernel: ACPI: Local APIC address 0xfee00000
Jul  5 19:36:19 ur-20195500451 kernel: 872MB HIGHMEM available.
Jul  5 19:36:19 ur-20195500451 kernel: 887MB LOWMEM available.
Jul  5 19:36:19 ur-20195500451 kernel:  mapped low ram: 0 - 377fe000
Jul  5 19:36:19 ur-20195500451 kernel:  low ram: 0 - 377fe000
Jul  5 19:36:19 ur-20195500451 kernel: BRK [0x0177b000, 0x0177bfff] PGTABLE
Jul  5 19:36:19 ur-20195500451 kernel: Zone ranges:
Jul  5 19:36:19 ur-20195500451 kernel:  DMA      [mem 0x0000000000001000-0x0000000000ffffff]
Jul  5 19:36:19 ur-20195500451 kernel:  Normal   [mem 0x0000000001000000-0x00000000377fdfff]
Jul  5 19:36:19 ur-20195500451 kernel:  HighMem  [mem 0x00000000377fe000-0x000000006dffffff]
Jul  5 19:36:19 ur-20195500451 kernel: Movable zone start for each node
Jul  5 19:36:19 ur-20195500451 kernel: Early memory node ranges
Jul  5 19:36:19 ur-20195500451 kernel:  node   0: [mem 0x0000000000001000-0x000000000009dfff]
Jul  5 19:36:19 ur-20195500451 kernel:  node   0: [mem 0x0000000000100000-0x000000001effffff]
Jul  5 19:36:19 ur-20195500451 kernel:  node   0: [mem 0x000000001f100000-0x000000001fffffff]
Jul  5 19:36:19 ur-20195500451 kernel:  node   0: [mem 0x0000000020100000-0x000000006d26efff]
Jul  5 19:36:19 ur-20195500451 kernel:  node   0: [mem 0x000000006d29f000-0x000000006d3bcfff]
Jul  5 19:36:19 ur-20195500451 kernel:  node   0: [mem 0x000000006db37000-0x000000006db37fff]
Jul  5 19:36:19 ur-20195500451 kernel:  node   0: [mem 0x000000006db7a000-0x000000006dd22fff]
Jul  5 19:36:19 ur-20195500451 kernel:  node   0: [mem 0x000000006dffa000-0x000000006dffffff]
Jul  5 19:36:19 ur-20195500451 kernel: Initmem setup node 0 [mem 0x0000000000001000-0x000000006dffffff]
Jul  5 19:36:19 ur-20195500451 kernel: On node 0 totalpages: 447194
Jul  5 19:36:19 ur-20195500451 kernel: free_area_init_node: node 0, pgdat c1687bc0, node_mem_map f60ba020
Jul  5 19:36:19 ur-20195500451 kernel:  DMA zone: 32 pages used for memmap
Jul  5 19:36:19 ur-20195500451 kernel:  DMA zone: 0 pages reserved
Jul  5 19:36:19 ur-20195500451 kernel:  DMA zone: 3997 pages, LIFO batch:0
Jul  5 19:36:19 ur-20195500451 kernel:  Normal zone: 1744 pages used for memmap
Jul  5 19:36:19 ur-20195500451 kernel:  Normal zone: 222718 pages, LIFO batch:31
Jul  5 19:36:19 ur-20195500451 kernel:  HighMem zone: 220479 pages, LIFO batch:31
Jul  5 19:36:19 ur-20195500451 kernel: Using APIC driver default
Jul  5 19:36:19 ur-20195500451 kernel: x86/hpet: Will disable the HPET for this platform because it's not reliable
Jul  5 19:36:19 ur-20195500451 kernel: Reserving Intel graphics memory at 0x6f000000-0x7effffff
Jul  5 19:36:19 ur-20195500451 kernel: ACPI: PM-Timer IO Port: 0x408
Jul  5 19:36:19 ur-20195500451 kernel: ACPI: Local APIC address 0xfee00000
Jul  5 19:36:19 ur-20195500451 kernel: ACPI: LAPIC_NMI (acpi_id[0x01] high edge lint[0x1])
Jul  5 19:36:19 ur-20195500451 kernel: ACPI: LAPIC_NMI (acpi_id[0x02] high edge lint[0x1])
Jul  5 19:36:19 ur-20195500451 kernel: ACPI: LAPIC_NMI (acpi_id[0x03] high edge lint[0x1])
Jul  5 19:36:19 ur-20195500451 kernel: ACPI: LAPIC_NMI (acpi_id[0x04] high edge lint[0x1])
Jul  5 19:36:19 ur-20195500451 kernel: IOAPIC[0]: apic_id 1, version 32, address 0xfec00000, GSI 0-86
Jul  5 19:36:19 ur-20195500451 kernel: ACPI: INT_SRC_OVR (bus 0 bus_irq 0 global_irq 2 dfl dfl)
Jul  5 19:36:19 ur-20195500451 kernel: ACPI: INT_SRC_OVR (bus 0 bus_irq 9 global_irq 9 high level)
Jul  5 19:36:19 ur-20195500451 kernel: ACPI: IRQ0 used by override.
Jul  5 19:36:19 ur-20195500451 kernel: ACPI: IRQ9 used by override.
Jul  5 19:36:19 ur-20195500451 kernel: Using ACPI (MADT) for SMP configuration information
Jul  5 19:36:19 ur-20195500451 kernel: ACPI: HPET id: 0x8086a201 base: 0xfed00000
Jul  5 19:36:19 ur-20195500451 kernel: smpboot: Allowing 4 CPUs, 0 hotplug CPUs
Jul  5 19:36:19 ur-20195500451 kernel: e820: [mem 0x7f000000-0xdfffffff] available for PCI devices
Jul  5 19:36:19 ur-20195500451 kernel: clocksource: refined-jiffies: mask: 0xffffffff max_cycles: 0xffffffff, max_idle_ns: 1910969940391419 ns
Jul  5 19:36:19 ur-20195500451 kernel: setup_percpu: NR_CPUS:8 nr_cpumask_bits:8 nr_cpu_ids:4 nr_node_ids:1
Jul  5 19:36:19 ur-20195500451 kernel: percpu: Embedded 19 pages/cpu @f77af000 s46368 r0 d31456 u77824
Jul  5 19:36:19 ur-20195500451 kernel: pcpu-alloc: s46368 r0 d31456 u77824 alloc=19*4096
Jul  5 19:36:19 ur-20195500451 kernel: pcpu-alloc: [0] 0 [0] 1 [0] 2 [0] 3 
Jul  5 19:36:19 ur-20195500451 kernel: Built 1 zonelists in Zone order, mobility grouping on.  Total pages: 445418
Jul  5 19:36:19 ur-20195500451 kernel: Kernel command line: BOOT_IMAGE=(hd0,3)/vmlinuz root=LABEL=rootfs.0 rootfstype=ext3 console=ttyS0,115200 consoleblank=0 net.ifnames=0 biosdevname=0 panic=60 intel_idle.max_cstate=0 processor.max_cstate=0 sdhci_pci.max_freq=0 idle=poll splash quiet rauc.slot=A isolcpus=3
Jul  5 19:36:19 ur-20195500451 kernel: PID hash table entries: 4096 (order: 2, 16384 bytes)
Jul  5 19:36:19 ur-20195500451 kernel: Dentry cache hash table entries: 131072 (order: 8, 1048576 bytes)
Jul  5 19:36:19 ur-20195500451 kernel: Inode-cache hash table entries: 65536 (order: 6, 262144 bytes)
Jul  5 19:36:19 ur-20195500451 kernel: Initializing CPU#0
Jul  5 19:36:19 ur-20195500451 kernel: Initializing HighMem for node 0 (000377fe:0006e000)
Jul  5 19:36:19 ur-20195500451 kernel: Initializing Movable for node 0 (00000000:00000000)
Jul  5 19:36:19 ur-20195500451 kernel: Memory: 1756400K/1788776K available (4790K kernel code, 387K rwdata, 1528K rodata, 476K init, 392K bss, 32376K reserved, 0K cma-reserved, 881916K highmem)
Jul  5 19:36:19 ur-20195500451 kernel: virtual kernel memory layout:
Jul  5 19:36:19 ur-20195500451 kernel:    fixmap  : 0xfff17000 - 0xfffff000   ( 928 kB)
Jul  5 19:36:19 ur-20195500451 kernel:    pkmap   : 0xff800000 - 0xffc00000   (4096 kB)
Jul  5 19:36:19 ur-20195500451 kernel:    vmalloc : 0xf7ffe000 - 0xff7fe000   ( 120 MB)
Jul  5 19:36:19 ur-20195500451 kernel:    lowmem  : 0xc0000000 - 0xf77fe000   ( 887 MB)
Jul  5 19:36:19 ur-20195500451 kernel:      .init : 0xc1691000 - 0xc1708000   ( 476 kB)
Jul  5 19:36:19 ur-20195500451 kernel:      .data : 0xc14adefb - 0xc168fec0   (1927 kB)
Jul  5 19:36:19 ur-20195500451 kernel:      .text : 0xc1000000 - 0xc14adefb   (4791 kB)
Jul  5 19:36:19 ur-20195500451 kernel: Checking if this processor honours the WP bit even in supervisor mode...Ok.
Jul  5 19:36:19 ur-20195500451 kernel: SLUB: HWalign=64, Order=0-3, MinObjects=0, CPUs=4, Nodes=1
Jul  5 19:36:19 ur-20195500451 kernel: Preemptible hierarchical RCU implementation.
Jul  5 19:36:19 ur-20195500451 kernel: 	RCU restricting CPUs from NR_CPUS=8 to nr_cpu_ids=4.
Jul  5 19:36:19 ur-20195500451 kernel: 	RCU kthread priority: 1.
Jul  5 19:36:19 ur-20195500451 kernel: RCU: Adjusting geometry for rcu_fanout_leaf=16, nr_cpu_ids=4
Jul  5 19:36:19 ur-20195500451 kernel: NR_IRQS:2304 nr_irqs:1024 16
Jul  5 19:36:19 ur-20195500451 kernel: CPU 0 irqstacks, hard=f580c000 soft=f580e000
Jul  5 19:36:19 ur-20195500451 kernel: spurious 8259A interrupt: IRQ7.
Jul  5 19:36:19 ur-20195500451 kernel: Console: colour VGA+ 80x25
Jul  5 19:36:19 ur-20195500451 kernel: console [ttyS0] enabled
Jul  5 19:36:19 ur-20195500451 kernel: tsc: Detected 1915.900 MHz processor
Jul  5 19:36:19 ur-20195500451 kernel: Calibrating delay loop (skipped), value calculated using timer frequency.. 3831.80 BogoMIPS (lpj=1915900)
Jul  5 19:36:19 ur-20195500451 kernel: pid_max: default: 32768 minimum: 301
Jul  5 19:36:19 ur-20195500451 kernel: ACPI: Core revision 20160831
Jul  5 19:36:19 ur-20195500451 kernel: ACPI: 4 ACPI AML tables successfully acquired and loaded
Jul  5 19:36:19 ur-20195500451 kernel: Mount-cache hash table entries: 2048 (order: 1, 8192 bytes)
Jul  5 19:36:19 ur-20195500451 kernel: Mountpoint-cache hash table entries: 2048 (order: 1, 8192 bytes)
Jul  5 19:36:19 ur-20195500451 kernel: CPU: Physical Processor ID: 0
Jul  5 19:36:19 ur-20195500451 kernel: CPU: Processor Core ID: 0
Jul  5 19:36:19 ur-20195500451 kernel: ENERGY_PERF_BIAS: Set to 'normal', was 'performance'
Jul  5 19:36:19 ur-20195500451 kernel: ENERGY_PERF_BIAS: View and update with x86_energy_perf_policy(8)
Jul  5 19:36:19 ur-20195500451 kernel: mce: CPU supports 6 MCE banks
Jul  5 19:36:19 ur-20195500451 kernel: CPU0: Thermal monitoring enabled (TM1)
Jul  5 19:36:19 ur-20195500451 kernel: Last level iTLB entries: 4KB 48, 2MB 0, 4MB 0
Jul  5 19:36:19 ur-20195500451 kernel: Last level dTLB entries: 4KB 128, 2MB 16, 4MB 16, 1GB 0
Jul  5 19:36:19 ur-20195500451 kernel: Freeing SMP alternatives memory: 24K
Jul  5 19:36:19 ur-20195500451 kernel: smpboot: Max logical packages: 1
Jul  5 19:36:19 ur-20195500451 kernel: Enabling APIC mode:  Flat.  Using 1 I/O APICs
Jul  5 19:36:19 ur-20195500451 kernel: ..TIMER: vector=0x30 apic1=0 pin1=2 apic2=0 pin2=0
Jul  5 19:36:19 ur-20195500451 kernel: TSC deadline timer enabled
Jul  5 19:36:19 ur-20195500451 kernel: smpboot: CPU0: Intel(R) Atom(TM) CPU  E3845  @ 1.91GHz (family: 0x6, model: 0x37, stepping: 0x9)
Jul  5 19:36:19 ur-20195500451 kernel: Performance Events: PEBS fmt2+, 8-deep LBR, Silvermont events, 8-deep LBR, full-width counters, Intel PMU driver.
Jul  5 19:36:19 ur-20195500451 kernel: ... version:                3
Jul  5 19:36:19 ur-20195500451 kernel: ... bit width:              40
Jul  5 19:36:19 ur-20195500451 kernel: ... generic registers:      2
Jul  5 19:36:19 ur-20195500451 kernel: ... value mask:             000000ffffffffff
Jul  5 19:36:19 ur-20195500451 kernel: ... max period:             0000007fffffffff
Jul  5 19:36:19 ur-20195500451 kernel: ... fixed-purpose events:   3
Jul  5 19:36:19 ur-20195500451 kernel: ... event mask:             0000000700000003
Jul  5 19:36:19 ur-20195500451 kernel: NMI watchdog: enabled on all CPUs, permanently consumes one hw-PMU counter.
Jul  5 19:36:19 ur-20195500451 kernel: CPU 1 irqstacks, hard=f595c000 soft=f595e000
Jul  5 19:36:19 ur-20195500451 kernel: x86: Booting SMP configuration:
Jul  5 19:36:19 ur-20195500451 kernel: .... node  #0, CPUs:      #1
Jul  5 19:36:19 ur-20195500451 kernel: Initializing CPU#1
Jul  5 19:36:19 ur-20195500451 kernel: CPU 2 irqstacks, hard=f59ae000 soft=f59b0000
Jul  5 19:36:19 ur-20195500451 kernel: #2<6>Initializing CPU#2
Jul  5 19:36:19 ur-20195500451 kernel: CPU 3 irqstacks, hard=f59f6000 soft=f59f8000
Jul  5 19:36:19 ur-20195500451 kernel: #3<6>Initializing CPU#3
Jul  5 19:36:19 ur-20195500451 kernel: x86: Booted up 1 node, 4 CPUs
Jul  5 19:36:19 ur-20195500451 kernel: smpboot: Total of 4 processors activated (15327.20 BogoMIPS)
Jul  5 19:36:19 ur-20195500451 kernel: devtmpfs: initialized
Jul  5 19:36:19 ur-20195500451 kernel: clocksource: jiffies: mask: 0xffffffff max_cycles: 0xffffffff, max_idle_ns: 1911260446275000 ns
Jul  5 19:36:19 ur-20195500451 kernel: futex hash table entries: 1024 (order: 4, 65536 bytes)
Jul  5 19:36:19 ur-20195500451 kernel: NET: Registered protocol family 16
Jul  5 19:36:19 ur-20195500451 kernel: cpuidle: using governor ladder
Jul  5 19:36:19 ur-20195500451 kernel: ACPI FADT declares the system doesn't support PCIe ASPM, so disable it
Jul  5 19:36:19 ur-20195500451 kernel: ACPI: bus type PCI registered
Jul  5 19:36:19 ur-20195500451 kernel: PCI: MMCONFIG for domain 0000 [bus 00-ff] at [mem 0xe0000000-0xefffffff] (base 0xe0000000)
Jul  5 19:36:19 ur-20195500451 kernel: PCI: MMCONFIG at [mem 0xe0000000-0xefffffff] reserved in E820
Jul  5 19:36:19 ur-20195500451 kernel: PCI: Using MMCONFIG for extended config space
Jul  5 19:36:19 ur-20195500451 kernel: PCI: Using configuration type 1 for base access
Jul  5 19:36:19 ur-20195500451 kernel: ACPI: Added _OSI(Module Device)
Jul  5 19:36:19 ur-20195500451 kernel: ACPI: Added _OSI(Processor Device)
Jul  5 19:36:19 ur-20195500451 kernel: ACPI: Added _OSI(3.0 _SCP Extensions)
Jul  5 19:36:19 ur-20195500451 kernel: ACPI: Added _OSI(Processor Aggregator Device)
Jul  5 19:36:19 ur-20195500451 kernel: ACPI: Dynamic OEM Table Load:
Jul  5 19:36:19 ur-20195500451 kernel: ACPI: SSDT 0x00000000F5AC0000 000433 (v01 PmRef  Cpu0Cst  00003001 INTL 20061109)
Jul  5 19:36:19 ur-20195500451 kernel: ACPI: Dynamic OEM Table Load:
Jul  5 19:36:19 ur-20195500451 kernel: ACPI: SSDT 0x00000000F5974600 00008D (v01 PmRef  ApCst    00003000 INTL 20061109)
Jul  5 19:36:19 ur-20195500451 kernel: ACPI: Interpreter enabled
Jul  5 19:36:19 ur-20195500451 kernel: ACPI: (supports S0 S5)
Jul  5 19:36:19 ur-20195500451 kernel: ACPI: Using IOAPIC for interrupt routing
Jul  5 19:36:19 ur-20195500451 kernel: PCI: Using host bridge windows from ACPI; if necessary, use "pci=nocrs" and report a bug
Jul  5 19:36:19 ur-20195500451 kernel: ACPI: Power Resource [USBC] (on)
Jul  5 19:36:19 ur-20195500451 kernel: ACPI: Power Resource [PLPE] (on)
Jul  5 19:36:19 ur-20195500451 kernel: ACPI: Power Resource [PLPE] (on)
Jul  5 19:36:19 ur-20195500451 kernel: ACPI: PCI Root Bridge [PCI0] (domain 0000 [bus 00-ff])
Jul  5 19:36:19 ur-20195500451 kernel: acpi PNP0A08:00: _OSC: OS supports [ExtendedConfig ASPM ClockPM Segments MSI]
Jul  5 19:36:19 ur-20195500451 kernel: acpi PNP0A08:00: _OSC: platform does not support [PCIeHotplug PME]
Jul  5 19:36:19 ur-20195500451 kernel: acpi PNP0A08:00: _OSC: OS now controls [AER PCIeCapability]
Jul  5 19:36:19 ur-20195500451 kernel: acpi PNP0A08:00: FADT indicates ASPM is unsupported, using BIOS configuration
Jul  5 19:36:19 ur-20195500451 kernel: PCI host bridge to bus 0000:00
Jul  5 19:36:19 ur-20195500451 kernel: pci_bus 0000:00: root bus resource [io  0x0070-0x0077]
Jul  5 19:36:19 ur-20195500451 kernel: pci_bus 0000:00: root bus resource [io  0x0000-0x006f window]
Jul  5 19:36:19 ur-20195500451 kernel: pci_bus 0000:00: root bus resource [io  0x0078-0x0cf7 window]
Jul  5 19:36:19 ur-20195500451 kernel: pci_bus 0000:00: root bus resource [io  0x0d00-0xffff window]
Jul  5 19:36:19 ur-20195500451 kernel: pci_bus 0000:00: root bus resource [mem 0x000a0000-0x000bffff window]
Jul  5 19:36:19 ur-20195500451 kernel: pci_bus 0000:00: root bus resource [mem 0xf0000000-0xf881dfff window]
Jul  5 19:36:19 ur-20195500451 kernel: pci_bus 0000:00: root bus resource [bus 00-ff]
Jul  5 19:36:19 ur-20195500451 kernel: pci 0000:00:00.0: [8086:0f00] type 00 class 0x060000
Jul  5 19:36:19 ur-20195500451 kernel: pci 0000:00:02.0: [8086:0f31] type 00 class 0x030000
Jul  5 19:36:19 ur-20195500451 kernel: pci 0000:00:02.0: reg 0x10: [mem 0xf8000000-0xf83fffff]
Jul  5 19:36:19 ur-20195500451 kernel: pci 0000:00:02.0: reg 0x18: [mem 0xf0000000-0xf7ffffff pref]
Jul  5 19:36:19 ur-20195500451 kernel: pci 0000:00:02.0: reg 0x20: [io  0xe020-0xe027]
Jul  5 19:36:19 ur-20195500451 kernel: pci 0000:00:11.0: [8086:0f15] type 00 class 0x080501
Jul  5 19:36:19 ur-20195500451 kernel: pci 0000:00:11.0: reg 0x10: [mem 0xf881d000-0xf881dfff]
Jul  5 19:36:19 ur-20195500451 kernel: pci 0000:00:11.0: reg 0x14: [mem 0xf881c000-0xf881cfff]
Jul  5 19:36:19 ur-20195500451 kernel: pci 0000:00:11.0: PME# supported from D0 D3hot
Jul  5 19:36:19 ur-20195500451 kernel: pci 0000:00:12.0: [8086:0f16] type 00 class 0x080501
Jul  5 19:36:19 ur-20195500451 kernel: pci 0000:00:12.0: reg 0x10: [mem 0xf881b000-0xf881bfff]
Jul  5 19:36:19 ur-20195500451 kernel: pci 0000:00:12.0: reg 0x14: [mem 0xf881a000-0xf881afff]
Jul  5 19:36:19 ur-20195500451 kernel: pci 0000:00:12.0: PME# supported from D0 D3hot
Jul  5 19:36:19 ur-20195500451 kernel: pci 0000:00:14.0: [8086:0f35] type 00 class 0x0c0330
Jul  5 19:36:19 ur-20195500451 kernel: pci 0000:00:14.0: reg 0x10: [mem 0xf8800000-0xf880ffff 64bit]
Jul  5 19:36:19 ur-20195500451 kernel: pci 0000:00:14.0: PME# supported from D3hot D3cold
Jul  5 19:36:19 ur-20195500451 kernel: pci 0000:00:17.0: [8086:0f50] type 00 class 0x080501
Jul  5 19:36:19 ur-20195500451 kernel: pci 0000:00:17.0: reg 0x10: [mem 0xf8819000-0xf8819fff]
Jul  5 19:36:19 ur-20195500451 kernel: pci 0000:00:17.0: reg 0x14: [mem 0xf8818000-0xf8818fff]
Jul  5 19:36:19 ur-20195500451 kernel: pci 0000:00:17.0: PME# supported from D0 D3hot
Jul  5 19:36:19 ur-20195500451 kernel: pci 0000:00:1a.0: [8086:0f18] type 00 class 0x108000
Jul  5 19:36:19 ur-20195500451 kernel: pci 0000:00:1a.0: reg 0x10: [mem 0xf8500000-0xf85fffff]
Jul  5 19:36:19 ur-20195500451 kernel: pci 0000:00:1a.0: reg 0x14: [mem 0xf8400000-0xf84fffff]
Jul  5 19:36:19 ur-20195500451 kernel: pci 0000:00:1a.0: PME# supported from D0 D3hot
Jul  5 19:36:19 ur-20195500451 kernel: pci 0000:00:1c.0: [8086:0f48] type 01 class 0x060400
Jul  5 19:36:19 ur-20195500451 kernel: pci 0000:00:1c.0: PME# supported from D0 D3hot D3cold
Jul  5 19:36:19 ur-20195500451 kernel: pci 0000:00:1c.3: [8086:0f4e] type 01 class 0x060400
Jul  5 19:36:19 ur-20195500451 kernel: pci 0000:00:1c.3: PME# supported from D0 D3hot D3cold
Jul  5 19:36:19 ur-20195500451 kernel: pci 0000:00:1e.0: [8086:0f06] type 00 class 0x080102
Jul  5 19:36:19 ur-20195500451 kernel: pci 0000:00:1e.0: reg 0x10: [mem 0xf8810000-0xf8813fff]
Jul  5 19:36:19 ur-20195500451 kernel: pci 0000:00:1e.0: reg 0x14: [mem 0xf8817000-0xf8817fff]
Jul  5 19:36:19 ur-20195500451 kernel: pci 0000:00:1e.5: [8086:0f0e] type 00 class 0x0c8000
Jul  5 19:36:19 ur-20195500451 kernel: pci 0000:00:1e.5: reg 0x10: [mem 0xf8816000-0xf8816fff]
Jul  5 19:36:19 ur-20195500451 kernel: pci 0000:00:1e.5: reg 0x14: [mem 0xf8815000-0xf8815fff]
Jul  5 19:36:19 ur-20195500451 kernel: pci 0000:00:1f.0: [8086:0f1c] type 00 class 0x060100
Jul  5 19:36:19 ur-20195500451 kernel: pci 0000:00:1f.3: [8086:0f12] type 00 class 0x0c0500
Jul  5 19:36:19 ur-20195500451 kernel: pci 0000:00:1f.3: reg 0x10: [mem 0xf8814000-0xf881401f]
Jul  5 19:36:19 ur-20195500451 kernel: pci 0000:00:1f.3: reg 0x20: [io  0xe000-0xe01f]
Jul  5 19:36:19 ur-20195500451 kernel: pci 0000:01:00.0: [10ee:ebeb] type 00 class 0xff0000
Jul  5 19:36:19 ur-20195500451 kernel: pci 0000:01:00.0: reg 0x10: [mem 0xf8700000-0xf870007f 64bit]
Jul  5 19:36:19 ur-20195500451 kernel: pci 0000:00:1c.0: PCI bridge to [bus 01]
Jul  5 19:36:19 ur-20195500451 kernel: pci 0000:00:1c.0:   bridge window [mem 0xf8700000-0xf87fffff]
Jul  5 19:36:19 ur-20195500451 kernel: pci 0000:02:00.0: [8086:1533] type 00 class 0x020000
Jul  5 19:36:19 ur-20195500451 kernel: pci 0000:02:00.0: reg 0x10: [mem 0xf8600000-0xf861ffff]
Jul  5 19:36:19 ur-20195500451 kernel: pci 0000:02:00.0: reg 0x18: [io  0xd000-0xd01f]
Jul  5 19:36:19 ur-20195500451 kernel: pci 0000:02:00.0: reg 0x1c: [mem 0xf8620000-0xf8623fff]
Jul  5 19:36:19 ur-20195500451 kernel: pci 0000:02:00.0: PME# supported from D0 D3hot D3cold
Jul  5 19:36:19 ur-20195500451 kernel: pci 0000:00:1c.3: PCI bridge to [bus 02]
Jul  5 19:36:19 ur-20195500451 kernel: pci 0000:00:1c.3:   bridge window [io  0xd000-0xdfff]
Jul  5 19:36:19 ur-20195500451 kernel: pci 0000:00:1c.3:   bridge window [mem 0xf8600000-0xf86fffff]
Jul  5 19:36:19 ur-20195500451 kernel: pci_bus 0000:00: on NUMA node 0
Jul  5 19:36:19 ur-20195500451 kernel: ACPI: PCI Interrupt Link [LNKA] (IRQs 3 4 5 6 *7 10 11 12 14 15)
Jul  5 19:36:19 ur-20195500451 kernel: ACPI: PCI Interrupt Link [LNKB] (IRQs 3 4 5 6 7 10 11 12 14 15) *0, disabled.
Jul  5 19:36:19 ur-20195500451 kernel: ACPI: PCI Interrupt Link [LNKC] (IRQs 3 4 5 6 7 10 11 12 14 15) *0, disabled.
Jul  5 19:36:19 ur-20195500451 kernel: ACPI: PCI Interrupt Link [LNKD] (IRQs 3 *4 5 6 7 10 11 12 14 15)
Jul  5 19:36:19 ur-20195500451 kernel: ACPI: PCI Interrupt Link [LNKE] (IRQs 3 4 5 6 7 10 *11 12 14 15)
Jul  5 19:36:19 ur-20195500451 kernel: ACPI: PCI Interrupt Link [LNKF] (IRQs 3 4 5 6 7 *10 11 12 14 15)
Jul  5 19:36:19 ur-20195500451 kernel: ACPI: PCI Interrupt Link [LNKG] (IRQs 3 4 *5 6 7 10 11 12 14 15)
Jul  5 19:36:19 ur-20195500451 kernel: ACPI: PCI Interrupt Link [LNKH] (IRQs *3 4 5 6 7 10 11 12 14 15)
Jul  5 19:36:19 ur-20195500451 kernel: ACPI: Enabled 4 GPEs in block 00 to 3F
Jul  5 19:36:19 ur-20195500451 kernel: vgaarb: setting as boot device: PCI:0000:00:02.0
Jul  5 19:36:19 ur-20195500451 kernel: vgaarb: device added: PCI:0000:00:02.0,decodes=io+mem,owns=io+mem,locks=none
Jul  5 19:36:19 ur-20195500451 kernel: vgaarb: loaded
Jul  5 19:36:19 ur-20195500451 kernel: vgaarb: bridge control possible 0000:00:02.0
Jul  5 19:36:19 ur-20195500451 kernel: SCSI subsystem initialized
Jul  5 19:36:19 ur-20195500451 kernel: ACPI: bus type USB registered
Jul  5 19:36:19 ur-20195500451 kernel: usbcore: registered new interface driver usbfs
Jul  5 19:36:19 ur-20195500451 kernel: usbcore: registered new interface driver hub
Jul  5 19:36:19 ur-20195500451 kernel: usbcore: registered new device driver usb
Jul  5 19:36:19 ur-20195500451 kernel: EDAC MC: Ver: 3.0.0
Jul  5 19:36:19 ur-20195500451 kernel: PCI: Using ACPI for IRQ routing
Jul  5 19:36:19 ur-20195500451 kernel: PCI: pci_cache_line_size set to 64 bytes
Jul  5 19:36:19 ur-20195500451 kernel: e820: reserve RAM buffer [mem 0x0009ec00-0x0009ffff]
Jul  5 19:36:19 ur-20195500451 kernel: e820: reserve RAM buffer [mem 0x1f000000-0x1fffffff]
Jul  5 19:36:19 ur-20195500451 kernel: e820: reserve RAM buffer [mem 0x6d26f000-0x6fffffff]
Jul  5 19:36:19 ur-20195500451 kernel: e820: reserve RAM buffer [mem 0x6d3bd000-0x6fffffff]
Jul  5 19:36:19 ur-20195500451 kernel: e820: reserve RAM buffer [mem 0x6db38000-0x6fffffff]
Jul  5 19:36:19 ur-20195500451 kernel: e820: reserve RAM buffer [mem 0x6dd23000-0x6fffffff]
Jul  5 19:36:19 ur-20195500451 kernel: e820: reserve RAM buffer [mem 0x6e000000-0x6fffffff]
Jul  5 19:36:19 ur-20195500451 kernel: clocksource: Switched to clocksource refined-jiffies
Jul  5 19:36:19 ur-20195500451 kernel: pnp: PnP ACPI init
Jul  5 19:36:19 ur-20195500451 kernel: pnp 00:00: Plug and Play ACPI device, IDs PNP0b00 (active)
Jul  5 19:36:19 ur-20195500451 kernel: system 00:01: [io  0x0680-0x069f] has been reserved
Jul  5 19:36:19 ur-20195500451 kernel: system 00:01: [io  0x0400-0x047f] has been reserved
Jul  5 19:36:19 ur-20195500451 kernel: system 00:01: [io  0x0500-0x05fe] has been reserved
Jul  5 19:36:19 ur-20195500451 kernel: system 00:01: [io  0x0600-0x061f] has been reserved
Jul  5 19:36:19 ur-20195500451 kernel: system 00:01: Plug and Play ACPI device, IDs PNP0c02 (active)
Jul  5 19:36:19 ur-20195500451 kernel: system 00:02: [mem 0xe0000000-0xefffffff] could not be reserved
Jul  5 19:36:19 ur-20195500451 kernel: system 00:02: [mem 0xfed01000-0xfed01fff] has been reserved
Jul  5 19:36:19 ur-20195500451 kernel: system 00:02: [mem 0xfed03000-0xfed03fff] has been reserved
Jul  5 19:36:19 ur-20195500451 kernel: system 00:02: [mem 0xfed04000-0xfed04fff] has been reserved
Jul  5 19:36:19 ur-20195500451 kernel: system 00:02: [mem 0xfed0c000-0xfed0ffff] has been reserved
Jul  5 19:36:19 ur-20195500451 kernel: system 00:02: [mem 0xfed08000-0xfed08fff] has been reserved
Jul  5 19:36:19 ur-20195500451 kernel: system 00:02: [mem 0xfed1c000-0xfed1cfff] has been reserved
Jul  5 19:36:19 ur-20195500451 kernel: system 00:02: [mem 0xfee00000-0xfeefffff] could not be reserved
Jul  5 19:36:19 ur-20195500451 kernel: system 00:02: [mem 0xfef00000-0xfeffffff] has been reserved
Jul  5 19:36:19 ur-20195500451 kernel: system 00:02: Plug and Play ACPI device, IDs PNP0c02 (active)
Jul  5 19:36:19 ur-20195500451 kernel: pnp: PnP ACPI: found 3 devices
Jul  5 19:36:19 ur-20195500451 kernel: PnPBIOS: Disabled
Jul  5 19:36:19 ur-20195500451 kernel: clocksource: acpi_pm: mask: 0xffffff max_cycles: 0xffffff, max_idle_ns: 2085701024 ns
Jul  5 19:36:19 ur-20195500451 kernel: clocksource: Switched to clocksource acpi_pm
Jul  5 19:36:19 ur-20195500451 kernel: pci 0000:00:1c.0: PCI bridge to [bus 01]
Jul  5 19:36:19 ur-20195500451 kernel: pci 0000:00:1c.0:   bridge window [mem 0xf8700000-0xf87fffff]
Jul  5 19:36:19 ur-20195500451 kernel: pci 0000:00:1c.3: PCI bridge to [bus 02]
Jul  5 19:36:19 ur-20195500451 kernel: pci 0000:00:1c.3:   bridge window [io  0xd000-0xdfff]
Jul  5 19:36:19 ur-20195500451 kernel: pci 0000:00:1c.3:   bridge window [mem 0xf8600000-0xf86fffff]
Jul  5 19:36:19 ur-20195500451 kernel: pci_bus 0000:00: resource 4 [io  0x0070-0x0077]
Jul  5 19:36:19 ur-20195500451 kernel: pci_bus 0000:00: resource 5 [io  0x0000-0x006f window]
Jul  5 19:36:19 ur-20195500451 kernel: pci_bus 0000:00: resource 6 [io  0x0078-0x0cf7 window]
Jul  5 19:36:19 ur-20195500451 kernel: pci_bus 0000:00: resource 7 [io  0x0d00-0xffff window]
Jul  5 19:36:19 ur-20195500451 kernel: pci_bus 0000:00: resource 8 [mem 0x000a0000-0x000bffff window]
Jul  5 19:36:19 ur-20195500451 kernel: pci_bus 0000:00: resource 9 [mem 0xf0000000-0xf881dfff window]
Jul  5 19:36:19 ur-20195500451 kernel: pci_bus 0000:01: resource 1 [mem 0xf8700000-0xf87fffff]
Jul  5 19:36:19 ur-20195500451 kernel: pci_bus 0000:02: resource 0 [io  0xd000-0xdfff]
Jul  5 19:36:19 ur-20195500451 kernel: pci_bus 0000:02: resource 1 [mem 0xf8600000-0xf86fffff]
Jul  5 19:36:19 ur-20195500451 kernel: NET: Registered protocol family 2
Jul  5 19:36:19 ur-20195500451 kernel: TCP established hash table entries: 8192 (order: 3, 32768 bytes)
Jul  5 19:36:19 ur-20195500451 kernel: TCP bind hash table entries: 8192 (order: 5, 229376 bytes)
Jul  5 19:36:19 ur-20195500451 kernel: TCP: Hash tables configured (established 8192 bind 8192)
Jul  5 19:36:19 ur-20195500451 kernel: UDP hash table entries: 512 (order: 3, 32768 bytes)
Jul  5 19:36:19 ur-20195500451 kernel: UDP-Lite hash table entries: 512 (order: 3, 32768 bytes)
Jul  5 19:36:19 ur-20195500451 kernel: NET: Registered protocol family 1
Jul  5 19:36:19 ur-20195500451 kernel: pci 0000:00:02.0: Video device with shadowed ROM at [mem 0x000c0000-0x000dffff]
Jul  5 19:36:19 ur-20195500451 kernel: PCI: CLS 64 bytes, default 64
Jul  5 19:36:19 ur-20195500451 kernel: Trying to unpack rootfs image as initramfs...
Jul  5 19:36:19 ur-20195500451 kernel: Freeing initrd memory: 8940K
Jul  5 19:36:19 ur-20195500451 kernel: audit: initializing netlink subsys (disabled)
Jul  5 19:36:19 ur-20195500451 kernel: audit: type=2000 audit(1657042573.017:1): initialized
Jul  5 19:36:19 ur-20195500451 kernel: workingset: timestamp_bits=30 max_order=19 bucket_order=0
Jul  5 19:36:19 ur-20195500451 kernel: squashfs: version 4.0 (2009/01/31) Phillip Lougher
Jul  5 19:36:19 ur-20195500451 kernel: ntfs: driver 2.1.32 [Flags: R/W].
Jul  5 19:36:19 ur-20195500451 kernel: Block layer SCSI generic (bsg) driver version 0.4 loaded (major 252)
Jul  5 19:36:19 ur-20195500451 kernel: io scheduler noop registered
Jul  5 19:36:19 ur-20195500451 kernel: io scheduler deadline registered
Jul  5 19:36:19 ur-20195500451 kernel: io scheduler cfq registered (default)
Jul  5 19:36:19 ur-20195500451 kernel: vga16fb: initializing
Jul  5 19:36:19 ur-20195500451 kernel: vga16fb: mapped to 0xc00a0000
Jul  5 19:36:19 ur-20195500451 kernel: Console: switching to colour frame buffer device 80x30
Jul  5 19:36:19 ur-20195500451 kernel: fb0: VGA16 VGA frame buffer device
Jul  5 19:36:19 ur-20195500451 kernel: input: Sleep Button as /devices/LNXSYSTM:00/LNXSYBUS:00/PNP0C0E:00/input/input0
Jul  5 19:36:19 ur-20195500451 kernel: ACPI: Sleep Button [SLPB]
Jul  5 19:36:19 ur-20195500451 kernel: input: Lid Switch as /devices/LNXSYSTM:00/LNXSYBUS:00/PNP0C0D:00/input/input1
Jul  5 19:36:19 ur-20195500451 kernel: ACPI: Lid Switch [LID0]
Jul  5 19:36:19 ur-20195500451 kernel: input: Power Button as /devices/LNXSYSTM:00/LNXPWRBN:00/input/input2
Jul  5 19:36:19 ur-20195500451 kernel: ACPI: Power Button [PWRF]
Jul  5 19:36:19 ur-20195500451 kernel: Warning: Processor Platform Limit event detected, but not handled.
Jul  5 19:36:19 ur-20195500451 kernel: Consider compiling CPUfreq support into your kernel.
Jul  5 19:36:19 ur-20195500451 kernel: GHES: HEST is not enabled!
Jul  5 19:36:19 ur-20195500451 kernel: isapnp: Scanning for PnP cards...
Jul  5 19:36:19 ur-20195500451 kernel: isapnp: No Plug & Play device found
Jul  5 19:36:19 ur-20195500451 kernel: Serial: 8250/16550 driver, 4 ports, IRQ sharing enabled
Jul  5 19:36:19 ur-20195500451 kernel: Linux agpgart interface v0.103
Jul  5 19:36:19 ur-20195500451 kernel: [drm] Initialized
Jul  5 19:36:19 ur-20195500451 kernel: brd: module loaded
Jul  5 19:36:19 ur-20195500451 kernel: loop: module loaded
Jul  5 19:36:19 ur-20195500451 kernel: i8042: PNP: No PS/2 controller found. Probing ports directly.
Jul  5 19:36:19 ur-20195500451 kernel: tsc: Refined TSC clocksource calibration: 1916.666 MHz
Jul  5 19:36:19 ur-20195500451 kernel: clocksource: tsc: mask: 0xffffffffffffffff max_cycles: 0x37415710be0, max_idle_ns: 881590555136 ns
Jul  5 19:36:19 ur-20195500451 kernel: mousedev: PS/2 mouse device common for all mice
Jul  5 19:36:19 ur-20195500451 kernel: rtc_cmos 00:00: RTC can wake from S4
Jul  5 19:36:19 ur-20195500451 kernel: rtc_cmos 00:00: rtc core: registered rtc_cmos as rtc0
Jul  5 19:36:19 ur-20195500451 kernel: rtc_cmos 00:00: alarms up to one month, y3k, 242 bytes nvram
Jul  5 19:36:19 ur-20195500451 kernel: device-mapper: ioctl: 4.35.0-ioctl (2016-06-23) initialised: dm-devel@redhat.com
Jul  5 19:36:19 ur-20195500451 kernel: Netfilter messages via NETLINK v0.30.
Jul  5 19:36:19 ur-20195500451 kernel: nf_conntrack version 0.5.0 (16384 buckets, 65536 max)
Jul  5 19:36:19 ur-20195500451 kernel: nf_tables: (c) 2007-2009 Patrick McHardy <kaber@trash.net>
Jul  5 19:36:19 ur-20195500451 kernel: ip_tables: (C) 2000-2006 Netfilter Core Team
Jul  5 19:36:19 ur-20195500451 kernel: NET: Registered protocol family 10
Jul  5 19:36:19 ur-20195500451 kernel: NET: Registered protocol family 17
Jul  5 19:36:19 ur-20195500451 kernel: microcode: sig=0x30679, pf=0x1, revision=0x90a
Jul  5 19:36:19 ur-20195500451 kernel: microcode: Microcode Update Driver: v2.01 <tigran@aivazian.fsnet.co.uk>, Peter Oruba
Jul  5 19:36:19 ur-20195500451 kernel: Using IPI Shortcut mode
Jul  5 19:36:19 ur-20195500451 kernel: rtc_cmos 00:00: setting system clock to 2022-07-05 17:36:14 UTC (1657042574)
Jul  5 19:36:19 ur-20195500451 kernel: Freeing unused kernel memory: 476K
Jul  5 19:36:19 ur-20195500451 kernel: Write protecting the kernel text: 4792k
Jul  5 19:36:19 ur-20195500451 kernel: Write protecting the kernel read-only data: 1540k
Jul  5 19:36:19 ur-20195500451 kernel: random: systemd-udevd: uninitialized urandom read (16 bytes read)
Jul  5 19:36:19 ur-20195500451 kernel: sdhci: Secure Digital Host Controller Interface driver
Jul  5 19:36:19 ur-20195500451 kernel: sdhci: Copyright(c) Pierre Ossman
Jul  5 19:36:19 ur-20195500451 kernel: sdhci-pci 0000:00:11.0: SDHCI controller found [8086:0f15] (rev 11)
Jul  5 19:36:19 ur-20195500451 kernel: mmc0: SDHCI controller on PCI [0000:00:11.0] using ADMA
Jul  5 19:36:19 ur-20195500451 kernel: sdhci-pci 0000:00:12.0: SDHCI controller found [8086:0f16] (rev 11)
Jul  5 19:36:19 ur-20195500451 kernel: sdhci-pci 0000:00:12.0: failed to setup card detect gpio
Jul  5 19:36:19 ur-20195500451 kernel: pps_core: LinuxPPS API ver. 1 registered
Jul  5 19:36:19 ur-20195500451 kernel: pps_core: Software ver. 5.3.6 - Copyright 2005-2007 Rodolfo Giometti <giometti@linux.it>
Jul  5 19:36:19 ur-20195500451 kernel: mmc1: SDHCI controller on PCI [0000:00:12.0] using ADMA
Jul  5 19:36:19 ur-20195500451 kernel: PTP clock support registered
Jul  5 19:36:19 ur-20195500451 kernel: xhci_hcd 0000:00:14.0: xHCI Host Controller
Jul  5 19:36:19 ur-20195500451 kernel: xhci_hcd 0000:00:14.0: new USB bus registered, assigned bus number 1
Jul  5 19:36:19 ur-20195500451 kernel: xhci_hcd 0000:00:14.0: hcc params 0x200077c1 hci version 0x100 quirks 0x00009810
Jul  5 19:36:19 ur-20195500451 kernel: xhci_hcd 0000:00:14.0: cache line size of 64 is not supported
Jul  5 19:36:19 ur-20195500451 kernel: igb: Intel(R) Gigabit Ethernet Network Driver - version 5.4.0-k
Jul  5 19:36:19 ur-20195500451 kernel: igb: Copyright (c) 2007-2014 Intel Corporation.
Jul  5 19:36:19 ur-20195500451 kernel: hub 1-0:1.0: USB hub found
Jul  5 19:36:19 ur-20195500451 kernel: hub 1-0:1.0: 6 ports detected
Jul  5 19:36:19 ur-20195500451 kernel: xhci_hcd 0000:00:14.0: xHCI Host Controller
Jul  5 19:36:19 ur-20195500451 kernel: xhci_hcd 0000:00:14.0: new USB bus registered, assigned bus number 2
Jul  5 19:36:19 ur-20195500451 kernel: hub 2-0:1.0: USB hub found
Jul  5 19:36:19 ur-20195500451 kernel: hub 2-0:1.0: 1 port detected
Jul  5 19:36:19 ur-20195500451 kernel: sdhci-pci 0000:00:17.0: SDHCI controller found [8086:0f50] (rev 11)
Jul  5 19:36:19 ur-20195500451 kernel: mmc2: SDHCI controller on PCI [0000:00:17.0] using ADMA
Jul  5 19:36:19 ur-20195500451 kernel: i801_smbus 0000:00:1f.3: SMBus using PCI interrupt
Jul  5 19:36:19 ur-20195500451 kernel: pps pps0: new PPS source ptp0
Jul  5 19:36:19 ur-20195500451 kernel: igb 0000:02:00.0: added PHC on eth0
Jul  5 19:36:19 ur-20195500451 kernel: igb 0000:02:00.0: Intel(R) Gigabit Ethernet Network Connection
Jul  5 19:36:19 ur-20195500451 kernel: igb 0000:02:00.0: eth0: (PCIe:2.5Gb/s:Width x1) 00:30:d6:1d:16:61
Jul  5 19:36:19 ur-20195500451 kernel: igb 0000:02:00.0: eth0: PBA No: FFFFFF-0FF
Jul  5 19:36:19 ur-20195500451 kernel: igb 0000:02:00.0: Using MSI-X interrupts. 4 rx queue(s), 4 tx queue(s)
Jul  5 19:36:19 ur-20195500451 kernel: usb 1-3: new high-speed USB device number 2 using xhci_hcd
Jul  5 19:36:19 ur-20195500451 kernel: clocksource: Switched to clocksource tsc
Jul  5 19:36:19 ur-20195500451 kernel: sdhci: Timeout waiting for Buffer Read Ready interrupt during tuning procedure, falling back to fixed sampling clock
Jul  5 19:36:19 ur-20195500451 kernel: mmc1: tuning execution failed: -5
Jul  5 19:36:19 ur-20195500451 kernel: mmc1: ddr50 tuning failed
Jul  5 19:36:19 ur-20195500451 kernel: mmc1: new ultra high speed DDR50 SDHC card at address 0260
Jul  5 19:36:19 ur-20195500451 kernel: mmcblk: RPMB is disabled
Jul  5 19:36:19 ur-20195500451 kernel: mmcblk1: mmc1:0260 SD    3.62 GiB 
Jul  5 19:36:19 ur-20195500451 kernel: mmc1: Unexpected interrupt 0x04000000.
Jul  5 19:36:19 ur-20195500451 kernel: sdhci: =========== REGISTER DUMP (mmc1)===========
Jul  5 19:36:19 ur-20195500451 kernel: sdhci: Sys addr: 0x351fa200 | Version:  0x0000b502
Jul  5 19:36:19 ur-20195500451 kernel: sdhci: Blk size: 0x00007200 | Blk cnt:  0x00000008
Jul  5 19:36:19 ur-20195500451 kernel: sdhci: Argument: 0x00000000 | Trn mode: 0x0000003b
Jul  5 19:36:19 ur-20195500451 kernel: sdhci: Present:  0x01ff0000 | Host ctl: 0x00000017
Jul  5 19:36:19 ur-20195500451 kernel: sdhci: Power:    0x0000000f | Blk gap:  0x00000000
Jul  5 19:36:19 ur-20195500451 kernel: sdhci: Wake-up:  0x00000000 | Clock:    0x00000107
Jul  5 19:36:19 ur-20195500451 kernel: sdhci: Timeout:  0x0000000a | Int stat: 0x00000002
Jul  5 19:36:19 ur-20195500451 kernel: sdhci: Int enab: 0x02ff008b | Sig enab: 0x02ff008b
Jul  5 19:36:19 ur-20195500451 kernel: sdhci: AC12 err: 0x00000000 | Slot int: 0x00000001
Jul  5 19:36:19 ur-20195500451 kernel: sdhci: Caps:     0x076864b2 | Caps_1:   0x00000004
Jul  5 19:36:19 ur-20195500451 kernel: sdhci: Cmd:      0x0000123a | Max curr: 0x00000000
Jul  5 19:36:19 ur-20195500451 kernel: sdhci: Host ctl2: 0x0000000c
Jul  5 19:36:19 ur-20195500451 kernel: sdhci: ADMA Err: 0x00000000 | ADMA Ptr: 0x351fa200
Jul  5 19:36:19 ur-20195500451 kernel: sdhci: ===========================================
Jul  5 19:36:19 ur-20195500451 kernel: mmcblk1: p1 p2 p3 p4
Jul  5 19:36:19 ur-20195500451 kernel: random: fast init done
Jul  5 19:36:19 ur-20195500451 kernel: hub 1-3:1.0: USB hub found
Jul  5 19:36:19 ur-20195500451 kernel: hub 1-3:1.0: 3 ports detected
Jul  5 19:36:19 ur-20195500451 kernel: [drm] Memory usable by graphics device = 2048M
Jul  5 19:36:19 ur-20195500451 kernel: checking generic (a0000 10000) vs hw (f0000000 8000000)
Jul  5 19:36:19 ur-20195500451 kernel: fb: switching to inteldrmfb from VGA16 VGA
Jul  5 19:36:19 ur-20195500451 kernel: Console: switching to colour VGA+ 80x25
Jul  5 19:36:19 ur-20195500451 kernel: [drm] Replacing VGA console driver
Jul  5 19:36:19 ur-20195500451 kernel: Console: switching to colour dummy device 80x25
Jul  5 19:36:19 ur-20195500451 kernel: [drm] Supports vblank timestamp caching Rev 2 (21.10.2013).
Jul  5 19:36:19 ur-20195500451 kernel: [drm] Driver supports precise vblank timestamp query.
Jul  5 19:36:19 ur-20195500451 kernel: vgaarb: device changed decodes: PCI:0000:00:02.0,olddecodes=io+mem,decodes=io+mem:owns=io+mem
Jul  5 19:36:19 ur-20195500451 kernel: ACPI: Video Device [GFX0] (multi-head: yes  rom: no  post: no)
Jul  5 19:36:19 ur-20195500451 kernel: input: Video Bus as /devices/LNXSYSTM:00/LNXSYBUS:00/PNP0A08:00/LNXVIDEO:00/input/input3
Jul  5 19:36:19 ur-20195500451 kernel: [drm] Initialized i915 1.6.0 20160919 for 0000:00:02.0 on minor 0
Jul  5 19:36:19 ur-20195500451 kernel: fbcon: inteldrmfb (fb0) is primary device
Jul  5 19:36:19 ur-20195500451 kernel: usb 1-3.1: new full-speed USB device number 3 using xhci_hcd
Jul  5 19:36:19 ur-20195500451 kernel: usb 1-3.1: config 1 has an invalid interface number: 2 but max is 1
Jul  5 19:36:19 ur-20195500451 kernel: usb 1-3.1: config 1 has an invalid interface number: 3 but max is 1
Jul  5 19:36:19 ur-20195500451 kernel: usb 1-3.1: config 1 has no interface number 0
Jul  5 19:36:19 ur-20195500451 kernel: usb 1-3.1: config 1 has no interface number 1
Jul  5 19:36:19 ur-20195500451 kernel: usbcore: registered new interface driver usbhid
Jul  5 19:36:19 ur-20195500451 kernel: usbhid: USB HID core driver
Jul  5 19:36:19 ur-20195500451 kernel: hid-generic 0003:7374:1278.0002: device has no listeners, quitting
Jul  5 19:36:19 ur-20195500451 kernel: usb 1-3.2: new high-speed USB device number 4 using xhci_hcd
Jul  5 19:36:19 ur-20195500451 kernel: usb-storage 1-3.2:1.0: USB Mass Storage device detected
Jul  5 19:36:19 ur-20195500451 kernel: scsi host0: usb-storage 1-3.2:1.0
Jul  5 19:36:19 ur-20195500451 kernel: usbcore: registered new interface driver usb-storage
Jul  5 19:36:19 ur-20195500451 kernel: Console: switching to colour frame buffer device 160x50
Jul  5 19:36:19 ur-20195500451 kernel: i915 0000:00:02.0: fb0: inteldrmfb frame buffer device
Jul  5 19:36:19 ur-20195500451 kernel: scsi 0:0:0:0: Direct-Access     Kingston DataTraveler 3.0 PMAP PQ: 0 ANSI: 6
Jul  5 19:36:19 ur-20195500451 kernel: sd 0:0:0:0: [sda] 30277632 512-byte logical blocks: (15.5 GB/14.4 GiB)
Jul  5 19:36:19 ur-20195500451 kernel: sd 0:0:0:0: [sda] Write Protect is off
Jul  5 19:36:19 ur-20195500451 kernel: sd 0:0:0:0: [sda] Mode Sense: 45 00 00 00
Jul  5 19:36:19 ur-20195500451 kernel: sd 0:0:0:0: [sda] Write cache: disabled, read cache: enabled, doesn't support DPO or FUA
Jul  5 19:36:19 ur-20195500451 kernel: sda: sda1
Jul  5 19:36:19 ur-20195500451 kernel: EXT4-fs (mmcblk1p3): mounting ext3 file system using the ext4 subsystem
Jul  5 19:36:19 ur-20195500451 kernel: sd 0:0:0:0: [sda] Attached SCSI removable disk
Jul  5 19:36:19 ur-20195500451 kernel: sd 0:0:0:0: Attached scsi generic sg0 type 0
Jul  5 19:36:19 ur-20195500451 kernel: EXT4-fs (mmcblk1p3): mounted filesystem with ordered data mode. Opts: (null)
Jul  5 19:36:19 ur-20195500451 kernel: xillybus_pcie 0000:01:00.0: can't disable ASPM; OS doesn't have ASPM control
Jul  5 19:36:19 ur-20195500451 kernel: xillybus_pcie 0000:01:00.0: Created 10 device files.
Jul  5 19:36:19 ur-20195500451 kernel: EXT4-fs (mmcblk1p3): re-mounted. Opts: errors=remount-ro
Jul  5 19:36:19 ur-20195500451 kernel: input: PC Speaker as /devices/platform/pcspkr/input/input4
Jul  5 19:36:19 ur-20195500451 kernel: input: DATA MODUL easyTOUCH as /devices/pci0000:00/0000:00:14.0/usb1/1-3/1-3.1/1-3.1:1.2/0003:7374:1278.0001/input/input5
Jul  5 19:36:19 ur-20195500451 kernel: hid-multitouch 0003:7374:1278.0001: input: USB HID v1.11 Device [DATA MODUL easyTOUCH] on usb-0000:00:14.0-3.1/input2
Jul  5 19:36:19 ur-20195500451 kernel: EXT4-fs (mmcblk1p1): mounting ext3 file system using the ext4 subsystem
Jul  5 19:36:19 ur-20195500451 kernel: EXT4-fs (mmcblk1p1): mounted filesystem with ordered data mode. Opts: errors=remount-ro
Jul  5 19:36:19 ur-20195500451 kernel: EXT4-fs (mmcblk1p4): mounting ext3 file system using the ext4 subsystem
Jul  5 19:36:19 ur-20195500451 kernel: EXT4-fs (mmcblk1p4): mounted filesystem with ordered data mode. Opts: errors=remount-ro
Jul  5 19:36:19 ur-20195500451 kernel: IPv6: ADDRCONF(NETDEV_UP): eth0: link is not ready
Jul  5 19:36:19 ur-20195500451 kernel: random: crng init done
Jul  5 19:36:20 ur-20195500451 kernel: igb 0000:02:00.0 eth0: igb: eth0 NIC Link is Up 100 Mbps Full Duplex, Flow Control: RX/TX
Jul  5 19:36:20 ur-20195500451 kernel: IPv6: ADDRCONF(NETDEV_CHANGE): eth0: link becomes ready
Jul  5 19:36:21 ur-20195500451 kernel: xillybus_pcie 0000:01:00.0: Removed 10 device files.
Jul  5 19:36:22 ur-20195500451 kernel: FAT-fs (sda1): Volume was not properly unmounted. Some data may be corrupt. Please run fsck.
Jul  5 19:36:22 ur-20195500451 kernel: pci 0000:01:00.0: [10ee:ebeb] type 00 class 0xff0000
Jul  5 19:36:22 ur-20195500451 kernel: pci 0000:01:00.0: reg 0x10: [mem 0x00000000-0x0000007f 64bit]
Jul  5 19:36:22 ur-20195500451 kernel: pci 0000:01:00.0: BAR 0: assigned [mem 0xf8700000-0xf870007f 64bit]
Jul  5 19:36:22 ur-20195500451 kernel: xillybus_pcie 0000:01:00.0: enabling device (0000 -> 0002)
Jul  5 19:36:22 ur-20195500451 kernel: xillybus_pcie 0000:01:00.0: can't disable ASPM; OS doesn't have ASPM control
Jul  5 19:36:22 ur-20195500451 kernel: xillybus_pcie 0000:01:00.0: Created 10 device files.
Jul  5 19:36:40 ur-20195500451 kernel: xillybus_pcie 0000:01:00.0: Removed 10 device files.
Jul  5 19:36:42 ur-20195500451 kernel: pci 0000:01:00.0: [10ee:ebeb] type 00 class 0xff0000
Jul  5 19:36:42 ur-20195500451 kernel: pci 0000:01:00.0: reg 0x10: [mem 0x00000000-0x0000007f 64bit]
Jul  5 19:36:42 ur-20195500451 kernel: pci 0000:01:00.0: BAR 0: assigned [mem 0xf8700000-0xf870007f 64bit]
Jul  5 19:36:42 ur-20195500451 kernel: xillybus_pcie 0000:01:00.0: enabling device (0000 -> 0002)
Jul  5 19:36:42 ur-20195500451 kernel: xillybus_pcie 0000:01:00.0: can't disable ASPM; OS doesn't have ASPM control
Jul  5 19:36:42 ur-20195500451 kernel: xillybus_pcie 0000:01:00.0: Created 10 device files.
Jul  5 19:37:03 ur-20195500451 kernel: xillybus_pcie 0000:01:00.0: Removed 10 device files.
Jul  5 19:37:04 ur-20195500451 kernel: pci 0000:01:00.0: [10ee:ebeb] type 00 class 0xff0000
Jul  5 19:37:04 ur-20195500451 kernel: pci 0000:01:00.0: reg 0x10: [mem 0x00000000-0x0000007f 64bit]
Jul  5 19:37:04 ur-20195500451 kernel: pci 0000:01:00.0: BAR 0: assigned [mem 0xf8700000-0xf870007f 64bit]
Jul  5 19:37:04 ur-20195500451 kernel: xillybus_pcie 0000:01:00.0: enabling device (0000 -> 0002)
Jul  5 19:37:04 ur-20195500451 kernel: xillybus_pcie 0000:01:00.0: can't disable ASPM; OS doesn't have ASPM control
Jul  5 19:37:04 ur-20195500451 kernel: xillybus_pcie 0000:01:00.0: Created 10 device files.
Jul  5 19:37:06 ur-20195500451 kernel: xillybus_pcie 0000:01:00.0: Removed 10 device files.
Jul  5 19:37:07 ur-20195500451 kernel: pci 0000:01:00.0: [10ee:ebeb] type 00 class 0xff0000
Jul  5 19:37:07 ur-20195500451 kernel: pci 0000:01:00.0: reg 0x10: [mem 0x00000000-0x0000007f 64bit]
Jul  5 19:37:07 ur-20195500451 kernel: pci 0000:01:00.0: BAR 0: assigned [mem 0xf8700000-0xf870007f 64bit]
Jul  5 19:37:07 ur-20195500451 kernel: xillybus_pcie 0000:01:00.0: enabling device (0000 -> 0002)
Jul  5 19:37:07 ur-20195500451 kernel: xillybus_pcie 0000:01:00.0: can't disable ASPM; OS doesn't have ASPM control
Jul  5 19:37:07 ur-20195500451 kernel: xillybus_pcie 0000:01:00.0: Created 10 device files.
Jul  5 19:48:19 ur-20195500451 kernel: perf: interrupt took too long (2503 > 2500), lowering kernel.perf_event_max_sample_rate to 79000
Jul  5 19:52:59 ur-20195500451 kernel: perf: interrupt took too long (3133 > 3128), lowering kernel.perf_event_max_sample_rate to 63000
Jul  5 20:00:59 ur-20195500451 kernel: perf: interrupt took too long (3921 > 3916), lowering kernel.perf_event_max_sample_rate to 51000
Jul  5 20:18:28 ur-20195500451 kernel: perf: interrupt took too long (4903 > 4901), lowering kernel.perf_event_max_sample_rate to 40000
Jul  5 22:08:48 ur-20195500451 kernel: usb 1-3.2: USB disconnect, device number 4
Jul  6 20:28:52 localhost kernel: Linux version 4.9.65-rt57ur (vagrant@debian-8) (gcc version 4.9.2 (Debian 4.9.2-10+deb8u1) ) #1 SMP PREEMPT RT Fri Mar 16 08:51:19 UTC 2018
Jul  6 20:28:52 localhost kernel: KERNEL supported cpus:
Jul  6 20:28:52 localhost kernel:  Intel GenuineIntel
Jul  6 20:28:52 localhost kernel: x86/fpu: Legacy x87 FPU detected.
Jul  6 20:28:52 localhost kernel: x86/fpu: Using 'eager' FPU context switches.
Jul  6 20:28:52 localhost kernel: e820: BIOS-provided physical RAM map:
Jul  6 20:28:52 localhost kernel: BIOS-e820: [mem 0x0000000000000000-0x000000000009ebff] usable
Jul  6 20:28:52 localhost kernel: BIOS-e820: [mem 0x000000000009ec00-0x000000000009ffff] reserved
Jul  6 20:28:52 localhost kernel: BIOS-e820: [mem 0x00000000000e0000-0x00000000000fffff] reserved
Jul  6 20:28:52 localhost kernel: BIOS-e820: [mem 0x0000000000100000-0x000000001effffff] usable
Jul  6 20:28:52 localhost kernel: BIOS-e820: [mem 0x000000001f000000-0x000000001f0fffff] reserved
Jul  6 20:28:52 localhost kernel: BIOS-e820: [mem 0x000000001f100000-0x000000001fffffff] usable
Jul  6 20:28:52 localhost kernel: BIOS-e820: [mem 0x0000000020000000-0x00000000200fffff] reserved
Jul  6 20:28:52 localhost kernel: BIOS-e820: [mem 0x0000000020100000-0x000000006d26efff] usable
Jul  6 20:28:52 localhost kernel: BIOS-e820: [mem 0x000000006d26f000-0x000000006d29efff] reserved
Jul  6 20:28:52 localhost kernel: BIOS-e820: [mem 0x000000006d29f000-0x000000006d3bcfff] usable
Jul  6 20:28:52 localhost kernel: BIOS-e820: [mem 0x000000006d3bd000-0x000000006d806fff] ACPI NVS
Jul  6 20:28:52 localhost kernel: BIOS-e820: [mem 0x000000006d807000-0x000000006db36fff] reserved
Jul  6 20:28:52 localhost kernel: BIOS-e820: [mem 0x000000006db37000-0x000000006db37fff] usable
Jul  6 20:28:52 localhost kernel: BIOS-e820: [mem 0x000000006db38000-0x000000006db79fff] reserved
Jul  6 20:28:52 localhost kernel: BIOS-e820: [mem 0x000000006db7a000-0x000000006dd22fff] usable
Jul  6 20:28:52 localhost kernel: BIOS-e820: [mem 0x000000006dd23000-0x000000006dff9fff] reserved
Jul  6 20:28:52 localhost kernel: BIOS-e820: [mem 0x000000006dffa000-0x000000006dffffff] usable
Jul  6 20:28:52 localhost kernel: BIOS-e820: [mem 0x00000000e0000000-0x00000000efffffff] reserved
Jul  6 20:28:52 localhost kernel: BIOS-e820: [mem 0x00000000feb00000-0x00000000fec00fff] reserved
Jul  6 20:28:52 localhost kernel: BIOS-e820: [mem 0x00000000fed01000-0x00000000fed01fff] reserved
Jul  6 20:28:52 localhost kernel: BIOS-e820: [mem 0x00000000fed03000-0x00000000fed03fff] reserved
Jul  6 20:28:52 localhost kernel: BIOS-e820: [mem 0x00000000fed08000-0x00000000fed08fff] reserved
Jul  6 20:28:52 localhost kernel: BIOS-e820: [mem 0x00000000fed0c000-0x00000000fed0ffff] reserved
Jul  6 20:28:52 localhost kernel: BIOS-e820: [mem 0x00000000fed1c000-0x00000000fed1cfff] reserved
Jul  6 20:28:52 localhost kernel: BIOS-e820: [mem 0x00000000fee00000-0x00000000fee00fff] reserved
Jul  6 20:28:52 localhost kernel: BIOS-e820: [mem 0x00000000fef00000-0x00000000feffffff] reserved
Jul  6 20:28:52 localhost kernel: BIOS-e820: [mem 0x00000000ffb00000-0x00000000ffffffff] reserved
Jul  6 20:28:52 localhost kernel: process: using polling idle threads
Jul  6 20:28:52 localhost kernel: Notice: NX (Execute Disable) protection cannot be enabled: non-PAE kernel!
Jul  6 20:28:52 localhost kernel: SMBIOS 3.0 present.
Jul  6 20:28:52 localhost kernel: DMI: Default string Default string/Q7-BT, BIOS S1.53.3.0 05/18/2018
Jul  6 20:28:52 localhost kernel: e820: update [mem 0x00000000-0x00000fff] usable ==> reserved
Jul  6 20:28:52 localhost kernel: e820: remove [mem 0x000a0000-0x000fffff] usable
Jul  6 20:28:52 localhost kernel: e820: last_pfn = 0x6e000 max_arch_pfn = 0x100000
Jul  6 20:28:52 localhost kernel: MTRR default type: uncachable
Jul  6 20:28:52 localhost kernel: MTRR fixed ranges enabled:
Jul  6 20:28:52 localhost kernel:  00000-9FFFF write-back
Jul  6 20:28:52 localhost kernel:  A0000-BFFFF uncachable
Jul  6 20:28:52 localhost kernel:  C0000-FFFFF write-protect
Jul  6 20:28:52 localhost kernel: MTRR variable ranges enabled:
Jul  6 20:28:52 localhost kernel:  0 base 000000000 mask FC0000000 write-back
Jul  6 20:28:52 localhost kernel:  1 base 040000000 mask FE0000000 write-back
Jul  6 20:28:52 localhost kernel:  2 base 060000000 mask FF0000000 write-back
Jul  6 20:28:52 localhost kernel:  3 base 06E000000 mask FFE000000 uncachable
Jul  6 20:28:52 localhost kernel:  4 disabled
Jul  6 20:28:52 localhost kernel:  5 disabled
Jul  6 20:28:52 localhost kernel:  6 disabled
Jul  6 20:28:52 localhost kernel:  7 disabled
Jul  6 20:28:52 localhost kernel: x86/PAT: Configuration [0-7]: WB  WC  UC- UC  WB  WC  UC- WT  
Jul  6 20:28:52 localhost kernel: found SMP MP-table at [mem 0x000fd8b0-0x000fd8bf] mapped at [c00fd8b0]
Jul  6 20:28:52 localhost kernel: initial memory mapped: [mem 0x00000000-0x01bfffff]
Jul  6 20:28:52 localhost kernel: Base memory trampoline at [c009a000] 9a000 size 16384
Jul  6 20:28:52 localhost kernel: BRK [0x01778000, 0x01778fff] PGTABLE
Jul  6 20:28:52 localhost kernel: BRK [0x01779000, 0x01779fff] PGTABLE
Jul  6 20:28:52 localhost kernel: BRK [0x0177a000, 0x0177afff] PGTABLE
Jul  6 20:28:52 localhost kernel: RAMDISK: [mem 0x36e7a000-0x37734fff]
Jul  6 20:28:52 localhost kernel: ACPI: Early table checksum verification disabled
Jul  6 20:28:52 localhost kernel: ACPI: RSDP 0x00000000000F0580 000024 (v02 ALASKA)
Jul  6 20:28:52 localhost kernel: ACPI: XSDT 0x000000006D764080 000084 (v01 ALASKA A M I    01072009 AMI  00010013)
Jul  6 20:28:52 localhost kernel: ACPI: FACP 0x000000006D76E6E8 00010C (v05 ALASKA A M I    01072009 AMI  00010013)
Jul  6 20:28:52 localhost kernel: ACPI: DSDT 0x000000006D7641A0 00A543 (v02 ALASKA A M I    01072009 INTL 20120913)
Jul  6 20:28:52 localhost kernel: ACPI: FACS 0x000000006D806F80 000040
Jul  6 20:28:52 localhost kernel: ACPI: APIC 0x000000006D76E7F8 000084 (v03 ALASKA A M I    01072009 AMI  00010013)
Jul  6 20:28:52 localhost kernel: ACPI: FPDT 0x000000006D76E880 000044 (v01 ALASKA A M I    01072009 AMI  00010013)
Jul  6 20:28:52 localhost kernel: ACPI: FIDT 0x000000006D76E8C8 00009C (v01 ALASKA A M I    01072009 AMI  00010013)
Jul  6 20:28:52 localhost kernel: ACPI: LPIT 0x000000006D76E968 000104 (v01 ALASKA A M I    00000003 VLV2 0100000D)
Jul  6 20:28:52 localhost kernel: ACPI: MCFG 0x000000006D76EA70 00003C (v01 ALASKA A M I    01072009 MSFT 00000097)
Jul  6 20:28:52 localhost kernel: ACPI: HPET 0x000000006D76EAB0 000038 (v01 ALASKA A M I    01072009 AMI. 00000005)
Jul  6 20:28:52 localhost kernel: ACPI: SSDT 0x000000006D76EAE8 000763 (v01 PmRef  CpuPm    00003000 INTL 20061109)
Jul  6 20:28:52 localhost kernel: ACPI: SSDT 0x000000006D76F250 000290 (v01 PmRef  Cpu0Tst  00003000 INTL 20061109)
Jul  6 20:28:52 localhost kernel: ACPI: SSDT 0x000000006D76F4E0 00017A (v01 PmRef  ApTst    00003000 INTL 20061109)
Jul  6 20:28:52 localhost kernel: ACPI: UEFI 0x000000006D76F660 000042 (v01 ALASKA A M I    00000000      00000000)
Jul  6 20:28:52 localhost kernel: ACPI: CSRT 0x000000006D76F6A8 00014C (v00 INTEL  EDK2     00000005 INTL 20120624)
Jul  6 20:28:52 localhost kernel: ACPI: Local APIC address 0xfee00000
Jul  6 20:28:52 localhost kernel: 872MB HIGHMEM available.
Jul  6 20:28:52 localhost kernel: 887MB LOWMEM available.
Jul  6 20:28:52 localhost kernel:  mapped low ram: 0 - 377fe000
Jul  6 20:28:52 localhost kernel:  low ram: 0 - 377fe000
Jul  6 20:28:52 localhost kernel: BRK [0x0177b000, 0x0177bfff] PGTABLE
Jul  6 20:28:52 localhost kernel: Zone ranges:
Jul  6 20:28:52 localhost kernel:  DMA      [mem 0x0000000000001000-0x0000000000ffffff]
Jul  6 20:28:52 localhost kernel:  Normal   [mem 0x0000000001000000-0x00000000377fdfff]
Jul  6 20:28:52 localhost kernel:  HighMem  [mem 0x00000000377fe000-0x000000006dffffff]
Jul  6 20:28:52 localhost kernel: Movable zone start for each node
Jul  6 20:28:52 localhost kernel: Early memory node ranges
Jul  6 20:28:52 localhost kernel:  node   0: [mem 0x0000000000001000-0x000000000009dfff]
Jul  6 20:28:52 localhost kernel:  node   0: [mem 0x0000000000100000-0x000000001effffff]
Jul  6 20:28:52 localhost kernel:  node   0: [mem 0x000000001f100000-0x000000001fffffff]
Jul  6 20:28:52 localhost kernel:  node   0: [mem 0x0000000020100000-0x000000006d26efff]
Jul  6 20:28:52 localhost kernel:  node   0: [mem 0x000000006d29f000-0x000000006d3bcfff]
Jul  6 20:28:52 localhost kernel:  node   0: [mem 0x000000006db37000-0x000000006db37fff]
Jul  6 20:28:52 localhost kernel:  node   0: [mem 0x000000006db7a000-0x000000006dd22fff]
Jul  6 20:28:52 localhost kernel:  node   0: [mem 0x000000006dffa000-0x000000006dffffff]
Jul  6 20:28:52 localhost kernel: Initmem setup node 0 [mem 0x0000000000001000-0x000000006dffffff]
Jul  6 20:28:52 localhost kernel: On node 0 totalpages: 447194
Jul  6 20:28:52 localhost kernel: free_area_init_node: node 0, pgdat c1687bc0, node_mem_map f60ba020
Jul  6 20:28:52 localhost kernel:  DMA zone: 32 pages used for memmap
Jul  6 20:28:52 localhost kernel:  DMA zone: 0 pages reserved
Jul  6 20:28:52 localhost kernel:  DMA zone: 3997 pages, LIFO batch:0
Jul  6 20:28:52 localhost kernel:  Normal zone: 1744 pages used for memmap
Jul  6 20:28:52 localhost kernel:  Normal zone: 222718 pages, LIFO batch:31
Jul  6 20:28:52 localhost kernel:  HighMem zone: 220479 pages, LIFO batch:31
Jul  6 20:28:52 localhost kernel: Using APIC driver default
Jul  6 20:28:52 localhost kernel: x86/hpet: Will disable the HPET for this platform because it's not reliable
Jul  6 20:28:52 localhost kernel: Reserving Intel graphics memory at 0x6f000000-0x7effffff
Jul  6 20:28:52 localhost kernel: ACPI: PM-Timer IO Port: 0x408
Jul  6 20:28:52 localhost kernel: ACPI: Local APIC address 0xfee00000
Jul  6 20:28:52 localhost kernel: ACPI: LAPIC_NMI (acpi_id[0x01] high edge lint[0x1])
Jul  6 20:28:52 localhost kernel: ACPI: LAPIC_NMI (acpi_id[0x02] high edge lint[0x1])
Jul  6 20:28:52 localhost kernel: ACPI: LAPIC_NMI (acpi_id[0x03] high edge lint[0x1])
Jul  6 20:28:52 localhost kernel: ACPI: LAPIC_NMI (acpi_id[0x04] high edge lint[0x1])
Jul  6 20:28:52 localhost kernel: IOAPIC[0]: apic_id 1, version 32, address 0xfec00000, GSI 0-86
Jul  6 20:28:52 localhost kernel: ACPI: INT_SRC_OVR (bus 0 bus_irq 0 global_irq 2 dfl dfl)
Jul  6 20:28:52 localhost kernel: ACPI: INT_SRC_OVR (bus 0 bus_irq 9 global_irq 9 high level)
Jul  6 20:28:52 localhost kernel: ACPI: IRQ0 used by override.
Jul  6 20:28:52 localhost kernel: ACPI: IRQ9 used by override.
Jul  6 20:28:52 localhost kernel: Using ACPI (MADT) for SMP configuration information
Jul  6 20:28:52 localhost kernel: ACPI: HPET id: 0x8086a201 base: 0xfed00000
Jul  6 20:28:52 localhost kernel: smpboot: Allowing 4 CPUs, 0 hotplug CPUs
Jul  6 20:28:52 localhost kernel: e820: [mem 0x7f000000-0xdfffffff] available for PCI devices
Jul  6 20:28:52 localhost kernel: clocksource: refined-jiffies: mask: 0xffffffff max_cycles: 0xffffffff, max_idle_ns: 1910969940391419 ns
Jul  6 20:28:52 localhost kernel: setup_percpu: NR_CPUS:8 nr_cpumask_bits:8 nr_cpu_ids:4 nr_node_ids:1
Jul  6 20:28:52 localhost kernel: percpu: Embedded 19 pages/cpu @f77af000 s46368 r0 d31456 u77824
Jul  6 20:28:52 localhost kernel: pcpu-alloc: s46368 r0 d31456 u77824 alloc=19*4096
Jul  6 20:28:52 localhost kernel: pcpu-alloc: [0] 0 [0] 1 [0] 2 [0] 3 
Jul  6 20:28:52 localhost kernel: Built 1 zonelists in Zone order, mobility grouping on.  Total pages: 445418
Jul  6 20:28:52 localhost kernel: Kernel command line: BOOT_IMAGE=(hd0,3)/vmlinuz root=LABEL=rootfs.0 rootfstype=ext3 console=ttyS0,115200 consoleblank=0 net.ifnames=0 biosdevname=0 panic=60 intel_idle.max_cstate=0 processor.max_cstate=0 sdhci_pci.max_freq=0 idle=poll splash quiet rauc.slot=A isolcpus=3
Jul  6 20:28:52 localhost kernel: PID hash table entries: 4096 (order: 2, 16384 bytes)
Jul  6 20:28:52 localhost kernel: Dentry cache hash table entries: 131072 (order: 8, 1048576 bytes)
Jul  6 20:28:52 localhost kernel: Inode-cache hash table entries: 65536 (order: 6, 262144 bytes)
Jul  6 20:28:52 localhost kernel: Initializing CPU#0
Jul  6 20:28:52 localhost kernel: Initializing HighMem for node 0 (000377fe:0006e000)
Jul  6 20:28:52 localhost kernel: Initializing Movable for node 0 (00000000:00000000)
Jul  6 20:28:52 localhost kernel: Memory: 1756400K/1788776K available (4790K kernel code, 387K rwdata, 1528K rodata, 476K init, 392K bss, 32376K reserved, 0K cma-reserved, 881916K highmem)
Jul  6 20:28:52 localhost kernel: virtual kernel memory layout:
Jul  6 20:28:52 localhost kernel:    fixmap  : 0xfff17000 - 0xfffff000   ( 928 kB)
Jul  6 20:28:52 localhost kernel:    pkmap   : 0xff800000 - 0xffc00000   (4096 kB)
Jul  6 20:28:52 localhost kernel:    vmalloc : 0xf7ffe000 - 0xff7fe000   ( 120 MB)
Jul  6 20:28:52 localhost kernel:    lowmem  : 0xc0000000 - 0xf77fe000   ( 887 MB)
Jul  6 20:28:52 localhost kernel:      .init : 0xc1691000 - 0xc1708000   ( 476 kB)
Jul  6 20:28:52 localhost kernel:      .data : 0xc14adefb - 0xc168fec0   (1927 kB)
Jul  6 20:28:52 localhost kernel:      .text : 0xc1000000 - 0xc14adefb   (4791 kB)
Jul  6 20:28:52 localhost kernel: Checking if this processor honours the WP bit even in supervisor mode...Ok.
Jul  6 20:28:52 localhost kernel: SLUB: HWalign=64, Order=0-3, MinObjects=0, CPUs=4, Nodes=1
Jul  6 20:28:52 localhost kernel: Preemptible hierarchical RCU implementation.
Jul  6 20:28:52 localhost kernel: 	RCU restricting CPUs from NR_CPUS=8 to nr_cpu_ids=4.
Jul  6 20:28:52 localhost kernel: 	RCU kthread priority: 1.
Jul  6 20:28:52 localhost kernel: RCU: Adjusting geometry for rcu_fanout_leaf=16, nr_cpu_ids=4
Jul  6 20:28:52 localhost kernel: NR_IRQS:2304 nr_irqs:1024 16
Jul  6 20:28:52 localhost kernel: CPU 0 irqstacks, hard=f580c000 soft=f580e000
Jul  6 20:28:52 localhost kernel: spurious 8259A interrupt: IRQ7.
Jul  6 20:28:52 localhost kernel: Console: colour VGA+ 80x25
Jul  6 20:28:52 localhost kernel: console [ttyS0] enabled
Jul  6 20:28:52 localhost kernel: tsc: Detected 1915.900 MHz processor
Jul  6 20:28:52 localhost kernel: Calibrating delay loop (skipped), value calculated using timer frequency.. 3831.80 BogoMIPS (lpj=1915900)
Jul  6 20:28:52 localhost kernel: pid_max: default: 32768 minimum: 301
Jul  6 20:28:52 localhost kernel: ACPI: Core revision 20160831
Jul  6 20:28:52 localhost kernel: ACPI: 4 ACPI AML tables successfully acquired and loaded
Jul  6 20:28:52 localhost kernel: Mount-cache hash table entries: 2048 (order: 1, 8192 bytes)
Jul  6 20:28:52 localhost kernel: Mountpoint-cache hash table entries: 2048 (order: 1, 8192 bytes)
Jul  6 20:28:52 localhost kernel: CPU: Physical Processor ID: 0
Jul  6 20:28:52 localhost kernel: CPU: Processor Core ID: 0
Jul  6 20:28:52 localhost kernel: ENERGY_PERF_BIAS: Set to 'normal', was 'performance'
Jul  6 20:28:52 localhost kernel: ENERGY_PERF_BIAS: View and update with x86_energy_perf_policy(8)
Jul  6 20:28:52 localhost kernel: mce: CPU supports 6 MCE banks
Jul  6 20:28:52 localhost kernel: CPU0: Thermal monitoring enabled (TM1)
Jul  6 20:28:52 localhost kernel: Last level iTLB entries: 4KB 48, 2MB 0, 4MB 0
Jul  6 20:28:52 localhost kernel: Last level dTLB entries: 4KB 128, 2MB 16, 4MB 16, 1GB 0
Jul  6 20:28:52 localhost kernel: Freeing SMP alternatives memory: 24K
Jul  6 20:28:52 localhost kernel: smpboot: Max logical packages: 1
Jul  6 20:28:52 localhost kernel: Enabling APIC mode:  Flat.  Using 1 I/O APICs
Jul  6 20:28:52 localhost kernel: ..TIMER: vector=0x30 apic1=0 pin1=2 apic2=0 pin2=0
Jul  6 20:28:52 localhost kernel: TSC deadline timer enabled
Jul  6 20:28:52 localhost kernel: smpboot: CPU0: Intel(R) Atom(TM) CPU  E3845  @ 1.91GHz (family: 0x6, model: 0x37, stepping: 0x9)
Jul  6 20:28:52 localhost kernel: Performance Events: PEBS fmt2+, 8-deep LBR, Silvermont events, 8-deep LBR, full-width counters, Intel PMU driver.
Jul  6 20:28:52 localhost kernel: ... version:                3
Jul  6 20:28:52 localhost kernel: ... bit width:              40
Jul  6 20:28:52 localhost kernel: ... generic registers:      2
Jul  6 20:28:52 localhost kernel: ... value mask:             000000ffffffffff
Jul  6 20:28:52 localhost kernel: ... max period:             0000007fffffffff
Jul  6 20:28:52 localhost kernel: ... fixed-purpose events:   3
Jul  6 20:28:52 localhost kernel: ... event mask:             0000000700000003
Jul  6 20:28:52 localhost kernel: NMI watchdog: enabled on all CPUs, permanently consumes one hw-PMU counter.
Jul  6 20:28:52 localhost kernel: CPU 1 irqstacks, hard=f595c000 soft=f595e000
Jul  6 20:28:52 localhost kernel: x86: Booting SMP configuration:
Jul  6 20:28:52 localhost kernel: .... node  #0, CPUs:      #1
Jul  6 20:28:52 localhost kernel: Initializing CPU#1
Jul  6 20:28:52 localhost kernel: CPU 2 irqstacks, hard=f59ae000 soft=f59b0000
Jul  6 20:28:52 localhost kernel: #2<6>Initializing CPU#2
Jul  6 20:28:52 localhost kernel: CPU 3 irqstacks, hard=f59f6000 soft=f59f8000
Jul  6 20:28:52 localhost kernel: #3<6>Initializing CPU#3
Jul  6 20:28:52 localhost kernel: x86: Booted up 1 node, 4 CPUs
Jul  6 20:28:52 localhost kernel: smpboot: Total of 4 processors activated (15327.20 BogoMIPS)
Jul  6 20:28:52 localhost kernel: devtmpfs: initialized
Jul  6 20:28:52 localhost kernel: clocksource: jiffies: mask: 0xffffffff max_cycles: 0xffffffff, max_idle_ns: 1911260446275000 ns
Jul  6 20:28:52 localhost kernel: futex hash table entries: 1024 (order: 4, 65536 bytes)
Jul  6 20:28:52 localhost kernel: NET: Registered protocol family 16
Jul  6 20:28:52 localhost kernel: cpuidle: using governor ladder
Jul  6 20:28:52 localhost kernel: ACPI FADT declares the system doesn't support PCIe ASPM, so disable it
Jul  6 20:28:52 localhost kernel: ACPI: bus type PCI registered
Jul  6 20:28:52 localhost kernel: PCI: MMCONFIG for domain 0000 [bus 00-ff] at [mem 0xe0000000-0xefffffff] (base 0xe0000000)
Jul  6 20:28:52 localhost kernel: PCI: MMCONFIG at [mem 0xe0000000-0xefffffff] reserved in E820
Jul  6 20:28:52 localhost kernel: PCI: Using MMCONFIG for extended config space
Jul  6 20:28:52 localhost kernel: PCI: Using configuration type 1 for base access
Jul  6 20:28:52 localhost kernel: ACPI: Added _OSI(Module Device)
Jul  6 20:28:52 localhost kernel: ACPI: Added _OSI(Processor Device)
Jul  6 20:28:52 localhost kernel: ACPI: Added _OSI(3.0 _SCP Extensions)
Jul  6 20:28:52 localhost kernel: ACPI: Added _OSI(Processor Aggregator Device)
Jul  6 20:28:52 localhost kernel: ACPI: Dynamic OEM Table Load:
Jul  6 20:28:52 localhost kernel: ACPI: SSDT 0x00000000F5AC0000 000433 (v01 PmRef  Cpu0Cst  00003001 INTL 20061109)
Jul  6 20:28:52 localhost kernel: ACPI: Dynamic OEM Table Load:
Jul  6 20:28:52 localhost kernel: ACPI: SSDT 0x00000000F5974600 00008D (v01 PmRef  ApCst    00003000 INTL 20061109)
Jul  6 20:28:52 localhost kernel: ACPI: Interpreter enabled
Jul  6 20:28:52 localhost kernel: ACPI: (supports S0 S5)
Jul  6 20:28:52 localhost kernel: ACPI: Using IOAPIC for interrupt routing
Jul  6 20:28:52 localhost kernel: PCI: Using host bridge windows from ACPI; if necessary, use "pci=nocrs" and report a bug
Jul  6 20:28:52 localhost kernel: ACPI: Power Resource [USBC] (on)
Jul  6 20:28:52 localhost kernel: ACPI: Power Resource [PLPE] (on)
Jul  6 20:28:52 localhost kernel: ACPI: Power Resource [PLPE] (on)
Jul  6 20:28:52 localhost kernel: ACPI: PCI Root Bridge [PCI0] (domain 0000 [bus 00-ff])
Jul  6 20:28:52 localhost kernel: acpi PNP0A08:00: _OSC: OS supports [ExtendedConfig ASPM ClockPM Segments MSI]
Jul  6 20:28:52 localhost kernel: acpi PNP0A08:00: _OSC: platform does not support [PCIeHotplug PME]
Jul  6 20:28:52 localhost kernel: acpi PNP0A08:00: _OSC: OS now controls [AER PCIeCapability]
Jul  6 20:28:52 localhost kernel: acpi PNP0A08:00: FADT indicates ASPM is unsupported, using BIOS configuration
Jul  6 20:28:52 localhost kernel: PCI host bridge to bus 0000:00
Jul  6 20:28:52 localhost kernel: pci_bus 0000:00: root bus resource [io  0x0070-0x0077]
Jul  6 20:28:52 localhost kernel: pci_bus 0000:00: root bus resource [io  0x0000-0x006f window]
Jul  6 20:28:52 localhost kernel: pci_bus 0000:00: root bus resource [io  0x0078-0x0cf7 window]
Jul  6 20:28:52 localhost kernel: pci_bus 0000:00: root bus resource [io  0x0d00-0xffff window]
Jul  6 20:28:52 localhost kernel: pci_bus 0000:00: root bus resource [mem 0x000a0000-0x000bffff window]
Jul  6 20:28:52 localhost kernel: pci_bus 0000:00: root bus resource [mem 0xf0000000-0xf881dfff window]
Jul  6 20:28:52 localhost kernel: pci_bus 0000:00: root bus resource [bus 00-ff]
Jul  6 20:28:52 localhost kernel: pci 0000:00:00.0: [8086:0f00] type 00 class 0x060000
Jul  6 20:28:52 localhost kernel: pci 0000:00:02.0: [8086:0f31] type 00 class 0x030000
Jul  6 20:28:52 localhost kernel: pci 0000:00:02.0: reg 0x10: [mem 0xf8000000-0xf83fffff]
Jul  6 20:28:52 localhost kernel: pci 0000:00:02.0: reg 0x18: [mem 0xf0000000-0xf7ffffff pref]
Jul  6 20:28:52 localhost kernel: pci 0000:00:02.0: reg 0x20: [io  0xe020-0xe027]
Jul  6 20:28:52 localhost kernel: pci 0000:00:11.0: [8086:0f15] type 00 class 0x080501
Jul  6 20:28:52 localhost kernel: pci 0000:00:11.0: reg 0x10: [mem 0xf881d000-0xf881dfff]
Jul  6 20:28:52 localhost kernel: pci 0000:00:11.0: reg 0x14: [mem 0xf881c000-0xf881cfff]
Jul  6 20:28:52 localhost kernel: pci 0000:00:11.0: PME# supported from D0 D3hot
Jul  6 20:28:52 localhost kernel: pci 0000:00:12.0: [8086:0f16] type 00 class 0x080501
Jul  6 20:28:52 localhost kernel: pci 0000:00:12.0: reg 0x10: [mem 0xf881b000-0xf881bfff]
Jul  6 20:28:52 localhost kernel: pci 0000:00:12.0: reg 0x14: [mem 0xf881a000-0xf881afff]
Jul  6 20:28:52 localhost kernel: pci 0000:00:12.0: PME# supported from D0 D3hot
Jul  6 20:28:52 localhost kernel: pci 0000:00:14.0: [8086:0f35] type 00 class 0x0c0330
Jul  6 20:28:52 localhost kernel: pci 0000:00:14.0: reg 0x10: [mem 0xf8800000-0xf880ffff 64bit]
Jul  6 20:28:52 localhost kernel: pci 0000:00:14.0: PME# supported from D3hot D3cold
Jul  6 20:28:52 localhost kernel: pci 0000:00:17.0: [8086:0f50] type 00 class 0x080501
Jul  6 20:28:52 localhost kernel: pci 0000:00:17.0: reg 0x10: [mem 0xf8819000-0xf8819fff]
Jul  6 20:28:52 localhost kernel: pci 0000:00:17.0: reg 0x14: [mem 0xf8818000-0xf8818fff]
Jul  6 20:28:52 localhost kernel: pci 0000:00:17.0: PME# supported from D0 D3hot
Jul  6 20:28:52 localhost kernel: pci 0000:00:1a.0: [8086:0f18] type 00 class 0x108000
Jul  6 20:28:52 localhost kernel: pci 0000:00:1a.0: reg 0x10: [mem 0xf8500000-0xf85fffff]
Jul  6 20:28:52 localhost kernel: pci 0000:00:1a.0: reg 0x14: [mem 0xf8400000-0xf84fffff]
Jul  6 20:28:52 localhost kernel: pci 0000:00:1a.0: PME# supported from D0 D3hot
Jul  6 20:28:52 localhost kernel: pci 0000:00:1c.0: [8086:0f48] type 01 class 0x060400
Jul  6 20:28:52 localhost kernel: pci 0000:00:1c.0: PME# supported from D0 D3hot D3cold
Jul  6 20:28:52 localhost kernel: pci 0000:00:1c.3: [8086:0f4e] type 01 class 0x060400
Jul  6 20:28:52 localhost kernel: pci 0000:00:1c.3: PME# supported from D0 D3hot D3cold
Jul  6 20:28:52 localhost kernel: pci 0000:00:1e.0: [8086:0f06] type 00 class 0x080102
Jul  6 20:28:52 localhost kernel: pci 0000:00:1e.0: reg 0x10: [mem 0xf8810000-0xf8813fff]
Jul  6 20:28:52 localhost kernel: pci 0000:00:1e.0: reg 0x14: [mem 0xf8817000-0xf8817fff]
Jul  6 20:28:52 localhost kernel: pci 0000:00:1e.5: [8086:0f0e] type 00 class 0x0c8000
Jul  6 20:28:52 localhost kernel: pci 0000:00:1e.5: reg 0x10: [mem 0xf8816000-0xf8816fff]
Jul  6 20:28:52 localhost kernel: pci 0000:00:1e.5: reg 0x14: [mem 0xf8815000-0xf8815fff]
Jul  6 20:28:52 localhost kernel: pci 0000:00:1f.0: [8086:0f1c] type 00 class 0x060100
Jul  6 20:28:52 localhost kernel: pci 0000:00:1f.3: [8086:0f12] type 00 class 0x0c0500
Jul  6 20:28:52 localhost kernel: pci 0000:00:1f.3: reg 0x10: [mem 0xf8814000-0xf881401f]
Jul  6 20:28:52 localhost kernel: pci 0000:00:1f.3: reg 0x20: [io  0xe000-0xe01f]
Jul  6 20:28:52 localhost kernel: pci 0000:01:00.0: [10ee:ebeb] type 00 class 0xff0000
Jul  6 20:28:52 localhost kernel: pci 0000:01:00.0: reg 0x10: [mem 0xf8700000-0xf870007f 64bit]
Jul  6 20:28:52 localhost kernel: pci 0000:00:1c.0: PCI bridge to [bus 01]
Jul  6 20:28:52 localhost kernel: pci 0000:00:1c.0:   bridge window [mem 0xf8700000-0xf87fffff]
Jul  6 20:28:52 localhost kernel: pci 0000:02:00.0: [8086:1533] type 00 class 0x020000
Jul  6 20:28:52 localhost kernel: pci 0000:02:00.0: reg 0x10: [mem 0xf8600000-0xf861ffff]
Jul  6 20:28:52 localhost kernel: pci 0000:02:00.0: reg 0x18: [io  0xd000-0xd01f]
Jul  6 20:28:52 localhost kernel: pci 0000:02:00.0: reg 0x1c: [mem 0xf8620000-0xf8623fff]
Jul  6 20:28:52 localhost kernel: pci 0000:02:00.0: PME# supported from D0 D3hot D3cold
Jul  6 20:28:52 localhost kernel: pci 0000:00:1c.3: PCI bridge to [bus 02]
Jul  6 20:28:52 localhost kernel: pci 0000:00:1c.3:   bridge window [io  0xd000-0xdfff]
Jul  6 20:28:52 localhost kernel: pci 0000:00:1c.3:   bridge window [mem 0xf8600000-0xf86fffff]
Jul  6 20:28:52 localhost kernel: pci_bus 0000:00: on NUMA node 0
Jul  6 20:28:52 localhost kernel: ACPI: PCI Interrupt Link [LNKA] (IRQs 3 4 5 6 *7 10 11 12 14 15)
Jul  6 20:28:52 localhost kernel: ACPI: PCI Interrupt Link [LNKB] (IRQs 3 4 5 6 7 10 11 12 14 15) *0, disabled.
Jul  6 20:28:52 localhost kernel: ACPI: PCI Interrupt Link [LNKC] (IRQs 3 4 5 6 7 10 11 12 14 15) *0, disabled.
Jul  6 20:28:52 localhost kernel: ACPI: PCI Interrupt Link [LNKD] (IRQs 3 *4 5 6 7 10 11 12 14 15)
Jul  6 20:28:52 localhost kernel: ACPI: PCI Interrupt Link [LNKE] (IRQs 3 4 5 6 7 10 *11 12 14 15)
Jul  6 20:28:52 localhost kernel: ACPI: PCI Interrupt Link [LNKF] (IRQs 3 4 5 6 7 *10 11 12 14 15)
Jul  6 20:28:52 localhost kernel: ACPI: PCI Interrupt Link [LNKG] (IRQs 3 4 *5 6 7 10 11 12 14 15)
Jul  6 20:28:52 localhost kernel: ACPI: PCI Interrupt Link [LNKH] (IRQs *3 4 5 6 7 10 11 12 14 15)
Jul  6 20:28:52 localhost kernel: ACPI: Enabled 4 GPEs in block 00 to 3F
Jul  6 20:28:52 localhost kernel: vgaarb: setting as boot device: PCI:0000:00:02.0
Jul  6 20:28:52 localhost kernel: vgaarb: device added: PCI:0000:00:02.0,decodes=io+mem,owns=io+mem,locks=none
Jul  6 20:28:52 localhost kernel: vgaarb: loaded
Jul  6 20:28:52 localhost kernel: vgaarb: bridge control possible 0000:00:02.0
Jul  6 20:28:52 localhost kernel: SCSI subsystem initialized
Jul  6 20:28:52 localhost kernel: ACPI: bus type USB registered
Jul  6 20:28:52 localhost kernel: usbcore: registered new interface driver usbfs
Jul  6 20:28:52 localhost kernel: usbcore: registered new interface driver hub
Jul  6 20:28:52 localhost kernel: usbcore: registered new device driver usb
Jul  6 20:28:52 localhost kernel: EDAC MC: Ver: 3.0.0
Jul  6 20:28:52 localhost kernel: PCI: Using ACPI for IRQ routing
Jul  6 20:28:52 localhost kernel: PCI: pci_cache_line_size set to 64 bytes
Jul  6 20:28:52 localhost kernel: e820: reserve RAM buffer [mem 0x0009ec00-0x0009ffff]
Jul  6 20:28:52 localhost kernel: e820: reserve RAM buffer [mem 0x1f000000-0x1fffffff]
Jul  6 20:28:52 localhost kernel: e820: reserve RAM buffer [mem 0x6d26f000-0x6fffffff]
Jul  6 20:28:52 localhost kernel: e820: reserve RAM buffer [mem 0x6d3bd000-0x6fffffff]
Jul  6 20:28:52 localhost kernel: e820: reserve RAM buffer [mem 0x6db38000-0x6fffffff]
Jul  6 20:28:52 localhost kernel: e820: reserve RAM buffer [mem 0x6dd23000-0x6fffffff]
Jul  6 20:28:52 localhost kernel: e820: reserve RAM buffer [mem 0x6e000000-0x6fffffff]
Jul  6 20:28:52 localhost kernel: clocksource: Switched to clocksource refined-jiffies
Jul  6 20:28:52 localhost kernel: pnp: PnP ACPI init
Jul  6 20:28:52 localhost kernel: pnp 00:00: Plug and Play ACPI device, IDs PNP0b00 (active)
Jul  6 20:28:52 localhost kernel: system 00:01: [io  0x0680-0x069f] has been reserved
Jul  6 20:28:52 localhost kernel: system 00:01: [io  0x0400-0x047f] has been reserved
Jul  6 20:28:52 localhost kernel: system 00:01: [io  0x0500-0x05fe] has been reserved
Jul  6 20:28:52 localhost kernel: system 00:01: [io  0x0600-0x061f] has been reserved
Jul  6 20:28:52 localhost kernel: system 00:01: Plug and Play ACPI device, IDs PNP0c02 (active)
Jul  6 20:28:52 localhost kernel: system 00:02: [mem 0xe0000000-0xefffffff] could not be reserved
Jul  6 20:28:52 localhost kernel: system 00:02: [mem 0xfed01000-0xfed01fff] has been reserved
Jul  6 20:28:52 localhost kernel: system 00:02: [mem 0xfed03000-0xfed03fff] has been reserved
Jul  6 20:28:52 localhost kernel: system 00:02: [mem 0xfed04000-0xfed04fff] has been reserved
Jul  6 20:28:52 localhost kernel: system 00:02: [mem 0xfed0c000-0xfed0ffff] has been reserved
Jul  6 20:28:52 localhost kernel: system 00:02: [mem 0xfed08000-0xfed08fff] has been reserved
Jul  6 20:28:52 localhost kernel: system 00:02: [mem 0xfed1c000-0xfed1cfff] has been reserved
Jul  6 20:28:52 localhost kernel: system 00:02: [mem 0xfee00000-0xfeefffff] could not be reserved
Jul  6 20:28:52 localhost kernel: system 00:02: [mem 0xfef00000-0xfeffffff] has been reserved
Jul  6 20:28:52 localhost kernel: system 00:02: Plug and Play ACPI device, IDs PNP0c02 (active)
Jul  6 20:28:52 localhost kernel: pnp: PnP ACPI: found 3 devices
Jul  6 20:28:52 localhost kernel: PnPBIOS: Disabled
Jul  6 20:28:52 localhost kernel: clocksource: acpi_pm: mask: 0xffffff max_cycles: 0xffffff, max_idle_ns: 2085701024 ns
Jul  6 20:28:52 localhost kernel: clocksource: Switched to clocksource acpi_pm
Jul  6 20:28:52 localhost kernel: pci 0000:00:1c.0: PCI bridge to [bus 01]
Jul  6 20:28:52 localhost kernel: pci 0000:00:1c.0:   bridge window [mem 0xf8700000-0xf87fffff]
Jul  6 20:28:52 localhost kernel: pci 0000:00:1c.3: PCI bridge to [bus 02]
Jul  6 20:28:52 localhost kernel: pci 0000:00:1c.3:   bridge window [io  0xd000-0xdfff]
Jul  6 20:28:52 localhost kernel: pci 0000:00:1c.3:   bridge window [mem 0xf8600000-0xf86fffff]
Jul  6 20:28:52 localhost kernel: pci_bus 0000:00: resource 4 [io  0x0070-0x0077]
Jul  6 20:28:52 localhost kernel: pci_bus 0000:00: resource 5 [io  0x0000-0x006f window]
Jul  6 20:28:52 localhost kernel: pci_bus 0000:00: resource 6 [io  0x0078-0x0cf7 window]
Jul  6 20:28:52 localhost kernel: pci_bus 0000:00: resource 7 [io  0x0d00-0xffff window]
Jul  6 20:28:52 localhost kernel: pci_bus 0000:00: resource 8 [mem 0x000a0000-0x000bffff window]
Jul  6 20:28:52 localhost kernel: pci_bus 0000:00: resource 9 [mem 0xf0000000-0xf881dfff window]
Jul  6 20:28:52 localhost kernel: pci_bus 0000:01: resource 1 [mem 0xf8700000-0xf87fffff]
Jul  6 20:28:52 localhost kernel: pci_bus 0000:02: resource 0 [io  0xd000-0xdfff]
Jul  6 20:28:52 localhost kernel: pci_bus 0000:02: resource 1 [mem 0xf8600000-0xf86fffff]
Jul  6 20:28:52 localhost kernel: NET: Registered protocol family 2
Jul  6 20:28:52 localhost kernel: TCP established hash table entries: 8192 (order: 3, 32768 bytes)
Jul  6 20:28:52 localhost kernel: TCP bind hash table entries: 8192 (order: 5, 229376 bytes)
Jul  6 20:28:52 localhost kernel: TCP: Hash tables configured (established 8192 bind 8192)
Jul  6 20:28:52 localhost kernel: UDP hash table entries: 512 (order: 3, 32768 bytes)
Jul  6 20:28:52 localhost kernel: UDP-Lite hash table entries: 512 (order: 3, 32768 bytes)
Jul  6 20:28:52 localhost kernel: NET: Registered protocol family 1
Jul  6 20:28:52 localhost kernel: pci 0000:00:02.0: Video device with shadowed ROM at [mem 0x000c0000-0x000dffff]
Jul  6 20:28:52 localhost kernel: PCI: CLS 64 bytes, default 64
Jul  6 20:28:52 localhost kernel: Trying to unpack rootfs image as initramfs...
Jul  6 20:28:52 localhost kernel: Freeing initrd memory: 8940K
Jul  6 20:28:52 localhost kernel: audit: initializing netlink subsys (disabled)
Jul  6 20:28:52 localhost kernel: audit: type=2000 audit(1657132125.017:1): initialized
Jul  6 20:28:52 localhost kernel: workingset: timestamp_bits=30 max_order=19 bucket_order=0
Jul  6 20:28:52 localhost kernel: squashfs: version 4.0 (2009/01/31) Phillip Lougher
Jul  6 20:28:52 localhost kernel: ntfs: driver 2.1.32 [Flags: R/W].
Jul  6 20:28:52 localhost kernel: Block layer SCSI generic (bsg) driver version 0.4 loaded (major 252)
Jul  6 20:28:52 localhost kernel: io scheduler noop registered
Jul  6 20:28:52 localhost kernel: io scheduler deadline registered
Jul  6 20:28:52 localhost kernel: io scheduler cfq registered (default)
Jul  6 20:28:52 localhost kernel: vga16fb: initializing
Jul  6 20:28:52 localhost kernel: vga16fb: mapped to 0xc00a0000
Jul  6 20:28:52 localhost kernel: Console: switching to colour frame buffer device 80x30
Jul  6 20:28:52 localhost kernel: fb0: VGA16 VGA frame buffer device
Jul  6 20:28:52 localhost kernel: input: Sleep Button as /devices/LNXSYSTM:00/LNXSYBUS:00/PNP0C0E:00/input/input0
Jul  6 20:28:52 localhost kernel: ACPI: Sleep Button [SLPB]
Jul  6 20:28:52 localhost kernel: input: Lid Switch as /devices/LNXSYSTM:00/LNXSYBUS:00/PNP0C0D:00/input/input1
Jul  6 20:28:52 localhost kernel: ACPI: Lid Switch [LID0]
Jul  6 20:28:52 localhost kernel: input: Power Button as /devices/LNXSYSTM:00/LNXPWRBN:00/input/input2
Jul  6 20:28:52 localhost kernel: ACPI: Power Button [PWRF]
Jul  6 20:28:52 localhost kernel: Warning: Processor Platform Limit event detected, but not handled.
Jul  6 20:28:52 localhost kernel: Consider compiling CPUfreq support into your kernel.
Jul  6 20:28:52 localhost kernel: GHES: HEST is not enabled!
Jul  6 20:28:52 localhost kernel: isapnp: Scanning for PnP cards...
Jul  6 20:28:52 localhost kernel: isapnp: No Plug & Play device found
Jul  6 20:28:52 localhost kernel: Serial: 8250/16550 driver, 4 ports, IRQ sharing enabled
Jul  6 20:28:52 localhost kernel: Linux agpgart interface v0.103
Jul  6 20:28:52 localhost kernel: [drm] Initialized
Jul  6 20:28:52 localhost kernel: brd: module loaded
Jul  6 20:28:52 localhost kernel: loop: module loaded
Jul  6 20:28:52 localhost kernel: i8042: PNP: No PS/2 controller found. Probing ports directly.
Jul  6 20:28:52 localhost kernel: tsc: Refined TSC clocksource calibration: 1916.666 MHz
Jul  6 20:28:52 localhost kernel: clocksource: tsc: mask: 0xffffffffffffffff max_cycles: 0x37415710be0, max_idle_ns: 881590555136 ns
Jul  6 20:28:52 localhost kernel: mousedev: PS/2 mouse device common for all mice
Jul  6 20:28:52 localhost kernel: rtc_cmos 00:00: RTC can wake from S4
Jul  6 20:28:52 localhost kernel: rtc_cmos 00:00: rtc core: registered rtc_cmos as rtc0
Jul  6 20:28:52 localhost kernel: rtc_cmos 00:00: alarms up to one month, y3k, 242 bytes nvram
Jul  6 20:28:52 localhost kernel: device-mapper: ioctl: 4.35.0-ioctl (2016-06-23) initialised: dm-devel@redhat.com
Jul  6 20:28:52 localhost kernel: Netfilter messages via NETLINK v0.30.
Jul  6 20:28:52 localhost kernel: nf_conntrack version 0.5.0 (16384 buckets, 65536 max)
Jul  6 20:28:52 localhost kernel: nf_tables: (c) 2007-2009 Patrick McHardy <kaber@trash.net>
Jul  6 20:28:52 localhost kernel: ip_tables: (C) 2000-2006 Netfilter Core Team
Jul  6 20:28:52 localhost kernel: NET: Registered protocol family 10
Jul  6 20:28:52 localhost kernel: NET: Registered protocol family 17
Jul  6 20:28:52 localhost kernel: microcode: sig=0x30679, pf=0x1, revision=0x90a
Jul  6 20:28:52 localhost kernel: microcode: Microcode Update Driver: v2.01 <tigran@aivazian.fsnet.co.uk>, Peter Oruba
Jul  6 20:28:52 localhost kernel: Using IPI Shortcut mode
Jul  6 20:28:52 localhost kernel: rtc_cmos 00:00: setting system clock to 2022-07-06 18:28:47 UTC (1657132127)
Jul  6 20:28:52 localhost kernel: Freeing unused kernel memory: 476K
Jul  6 20:28:52 localhost kernel: Write protecting the kernel text: 4792k
Jul  6 20:28:52 localhost kernel: Write protecting the kernel read-only data: 1540k
Jul  6 20:28:52 localhost kernel: random: systemd-udevd: uninitialized urandom read (16 bytes read)
Jul  6 20:28:52 localhost kernel: sdhci: Secure Digital Host Controller Interface driver
Jul  6 20:28:52 localhost kernel: sdhci: Copyright(c) Pierre Ossman
Jul  6 20:28:52 localhost kernel: sdhci-pci 0000:00:11.0: SDHCI controller found [8086:0f15] (rev 11)
Jul  6 20:28:52 localhost kernel: pps_core: LinuxPPS API ver. 1 registered
Jul  6 20:28:52 localhost kernel: pps_core: Software ver. 5.3.6 - Copyright 2005-2007 Rodolfo Giometti <giometti@linux.it>
Jul  6 20:28:52 localhost kernel: mmc0: SDHCI controller on PCI [0000:00:11.0] using ADMA
Jul  6 20:28:52 localhost kernel: xhci_hcd 0000:00:14.0: xHCI Host Controller
Jul  6 20:28:52 localhost kernel: xhci_hcd 0000:00:14.0: new USB bus registered, assigned bus number 1
Jul  6 20:28:52 localhost kernel: xhci_hcd 0000:00:14.0: hcc params 0x200077c1 hci version 0x100 quirks 0x00009810
Jul  6 20:28:52 localhost kernel: xhci_hcd 0000:00:14.0: cache line size of 64 is not supported
Jul  6 20:28:52 localhost kernel: PTP clock support registered
Jul  6 20:28:52 localhost kernel: igb: Intel(R) Gigabit Ethernet Network Driver - version 5.4.0-k
Jul  6 20:28:52 localhost kernel: igb: Copyright (c) 2007-2014 Intel Corporation.
Jul  6 20:28:52 localhost kernel: hub 1-0:1.0: USB hub found
Jul  6 20:28:52 localhost kernel: hub 1-0:1.0: 6 ports detected
Jul  6 20:28:52 localhost kernel: xhci_hcd 0000:00:14.0: xHCI Host Controller
Jul  6 20:28:52 localhost kernel: xhci_hcd 0000:00:14.0: new USB bus registered, assigned bus number 2
Jul  6 20:28:52 localhost kernel: hub 2-0:1.0: USB hub found
Jul  6 20:28:52 localhost kernel: hub 2-0:1.0: 1 port detected
Jul  6 20:28:52 localhost kernel: sdhci-pci 0000:00:12.0: SDHCI controller found [8086:0f16] (rev 11)
Jul  6 20:28:52 localhost kernel: sdhci-pci 0000:00:12.0: failed to setup card detect gpio
Jul  6 20:28:52 localhost kernel: mmc1: SDHCI controller on PCI [0000:00:12.0] using ADMA
Jul  6 20:28:52 localhost kernel: i801_smbus 0000:00:1f.3: SMBus using PCI interrupt
Jul  6 20:28:52 localhost kernel: pps pps0: new PPS source ptp0
Jul  6 20:28:52 localhost kernel: igb 0000:02:00.0: added PHC on eth0
Jul  6 20:28:52 localhost kernel: igb 0000:02:00.0: Intel(R) Gigabit Ethernet Network Connection
Jul  6 20:28:52 localhost kernel: igb 0000:02:00.0: eth0: (PCIe:2.5Gb/s:Width x1) 00:30:d6:1d:16:61
Jul  6 20:28:52 localhost kernel: igb 0000:02:00.0: eth0: PBA No: FFFFFF-0FF
Jul  6 20:28:52 localhost kernel: igb 0000:02:00.0: Using MSI-X interrupts. 4 rx queue(s), 4 tx queue(s)
Jul  6 20:28:52 localhost kernel: usb 1-3: new high-speed USB device number 2 using xhci_hcd
Jul  6 20:28:52 localhost kernel: clocksource: Switched to clocksource tsc
Jul  6 20:28:52 localhost kernel: sdhci: Timeout waiting for Buffer Read Ready interrupt during tuning procedure, falling back to fixed sampling clock
Jul  6 20:28:52 localhost kernel: mmc1: tuning execution failed: -5
Jul  6 20:28:52 localhost kernel: mmc1: ddr50 tuning failed
Jul  6 20:28:52 localhost kernel: mmc1: new ultra high speed DDR50 SDHC card at address 0260
Jul  6 20:28:52 localhost kernel: hub 1-3:1.0: USB hub found
Jul  6 20:28:52 localhost kernel: hub 1-3:1.0: 3 ports detected
Jul  6 20:28:52 localhost kernel: [drm] Memory usable by graphics device = 2048M
Jul  6 20:28:52 localhost kernel: checking generic (a0000 10000) vs hw (f0000000 8000000)
Jul  6 20:28:52 localhost kernel: fb: switching to inteldrmfb from VGA16 VGA
Jul  6 20:28:52 localhost kernel: Console: switching to colour VGA+ 80x25
Jul  6 20:28:52 localhost kernel: [drm] Replacing VGA console driver
Jul  6 20:28:52 localhost kernel: Console: switching to colour dummy device 80x25
Jul  6 20:28:52 localhost kernel: [drm] Supports vblank timestamp caching Rev 2 (21.10.2013).
Jul  6 20:28:52 localhost kernel: [drm] Driver supports precise vblank timestamp query.
Jul  6 20:28:52 localhost kernel: vgaarb: device changed decodes: PCI:0000:00:02.0,olddecodes=io+mem,decodes=io+mem:owns=io+mem
Jul  6 20:28:52 localhost kernel: ACPI: Video Device [GFX0] (multi-head: yes  rom: no  post: no)
Jul  6 20:28:52 localhost kernel: input: Video Bus as /devices/LNXSYSTM:00/LNXSYBUS:00/PNP0A08:00/LNXVIDEO:00/input/input3
Jul  6 20:28:52 localhost kernel: [drm] Initialized i915 1.6.0 20160919 for 0000:00:02.0 on minor 0
Jul  6 20:28:52 localhost kernel: sdhci-pci 0000:00:17.0: SDHCI controller found [8086:0f50] (rev 11)
Jul  6 20:28:52 localhost kernel: fbcon: inteldrmfb (fb0) is primary device
Jul  6 20:28:52 localhost kernel: mmc2: SDHCI controller on PCI [0000:00:17.0] using ADMA
Jul  6 20:28:52 localhost kernel: mmcblk: RPMB is disabled
Jul  6 20:28:52 localhost kernel: mmcblk1: mmc1:0260 SD    3.62 GiB 
Jul  6 20:28:52 localhost kernel: mmc1: Unexpected interrupt 0x04000000.
Jul  6 20:28:52 localhost kernel: sdhci: =========== REGISTER DUMP (mmc1)===========
Jul  6 20:28:52 localhost kernel: sdhci: Sys addr: 0x37307200 | Version:  0x0000b502
Jul  6 20:28:52 localhost kernel: sdhci: Blk size: 0x00007200 | Blk cnt:  0x00000008
Jul  6 20:28:52 localhost kernel: sdhci: Argument: 0x00000000 | Trn mode: 0x0000003b
Jul  6 20:28:52 localhost kernel: sdhci: Present:  0x01ff0206 | Host ctl: 0x00000017
Jul  6 20:28:52 localhost kernel: sdhci: Power:    0x0000000f | Blk gap:  0x00000000
Jul  6 20:28:52 localhost kernel: sdhci: Wake-up:  0x00000000 | Clock:    0x00000107
Jul  6 20:28:52 localhost kernel: sdhci: Timeout:  0x0000000a | Int stat: 0x00000000
Jul  6 20:28:52 localhost kernel: sdhci: Int enab: 0x02ff008b | Sig enab: 0x02ff008b
Jul  6 20:28:52 localhost kernel: sdhci: AC12 err: 0x00000000 | Slot int: 0x00000000
Jul  6 20:28:52 localhost kernel: sdhci: Caps:     0x076864b2 | Caps_1:   0x00000004
Jul  6 20:28:52 localhost kernel: sdhci: Cmd:      0x0000123a | Max curr: 0x00000000
Jul  6 20:28:52 localhost kernel: sdhci: Host ctl2: 0x0000000c
Jul  6 20:28:52 localhost kernel: sdhci: ADMA Err: 0x00000003 | ADMA Ptr: 0x37307200
Jul  6 20:28:52 localhost kernel: sdhci: ===========================================
Jul  6 20:28:52 localhost kernel: mmcblk1: p1 p2 p3 p4
Jul  6 20:28:52 localhost kernel: random: fast init done
Jul  6 20:28:52 localhost kernel: usb 1-3.1: new full-speed USB device number 3 using xhci_hcd
Jul  6 20:28:52 localhost kernel: usb 1-3.1: config 1 has an invalid interface number: 2 but max is 1
Jul  6 20:28:52 localhost kernel: usb 1-3.1: config 1 has an invalid interface number: 3 but max is 1
Jul  6 20:28:52 localhost kernel: usb 1-3.1: config 1 has no interface number 0
Jul  6 20:28:52 localhost kernel: usb 1-3.1: config 1 has no interface number 1
Jul  6 20:28:52 localhost kernel: usbcore: registered new interface driver usbhid
Jul  6 20:28:52 localhost kernel: usbhid: USB HID core driver
Jul  6 20:28:52 localhost kernel: hid-generic 0003:7374:1278.0002: device has no listeners, quitting
Jul  6 20:28:52 localhost kernel: Console: switching to colour frame buffer device 160x50
Jul  6 20:28:52 localhost kernel: i915 0000:00:02.0: fb0: inteldrmfb frame buffer device
Jul  6 20:28:52 localhost kernel: EXT4-fs (mmcblk1p3): mounting ext3 file system using the ext4 subsystem
Jul  6 20:28:52 localhost kernel: EXT4-fs (mmcblk1p3): mounted filesystem with ordered data mode. Opts: (null)
Jul  6 20:28:52 localhost kernel: xillybus_pcie 0000:01:00.0: can't disable ASPM; OS doesn't have ASPM control
Jul  6 20:28:52 localhost kernel: xillybus_pcie 0000:01:00.0: Created 10 device files.
Jul  6 20:28:52 localhost kernel: EXT4-fs (mmcblk1p3): re-mounted. Opts: errors=remount-ro
Jul  6 20:28:52 localhost kernel: input: PC Speaker as /devices/platform/pcspkr/input/input4
Jul  6 20:28:52 localhost kernel: input: DATA MODUL easyTOUCH as /devices/pci0000:00/0000:00:14.0/usb1/1-3/1-3.1/1-3.1:1.2/0003:7374:1278.0001/input/input5
Jul  6 20:28:52 localhost kernel: hid-multitouch 0003:7374:1278.0001: input: USB HID v1.11 Device [DATA MODUL easyTOUCH] on usb-0000:00:14.0-3.1/input2
Jul  6 20:28:52 localhost kernel: EXT4-fs (mmcblk1p1): mounting ext3 file system using the ext4 subsystem
Jul  6 20:28:52 localhost kernel: EXT4-fs (mmcblk1p1): mounted filesystem with ordered data mode. Opts: errors=remount-ro
Jul  6 20:28:52 localhost kernel: EXT4-fs (mmcblk1p4): mounting ext3 file system using the ext4 subsystem
Jul  6 20:28:52 localhost kernel: EXT4-fs (mmcblk1p4): mounted filesystem with ordered data mode. Opts: errors=remount-ro
Jul  6 20:28:52 localhost kernel: IPv6: ADDRCONF(NETDEV_UP): eth0: link is not ready
Jul  6 20:28:53 localhost kernel: igb 0000:02:00.0 eth0: igb: eth0 NIC Link is Up 100 Mbps Full Duplex, Flow Control: RX/TX
Jul  6 20:28:53 localhost kernel: IPv6: ADDRCONF(NETDEV_CHANGE): eth0: link becomes ready
Jul  6 20:28:53 localhost kernel: random: crng init done
Jul  6 20:28:54 localhost kernel: xillybus_pcie 0000:01:00.0: Removed 10 device files.
Jul  6 20:28:55 localhost kernel: pci 0000:01:00.0: [10ee:ebeb] type 00 class 0xff0000
Jul  6 20:28:55 localhost kernel: pci 0000:01:00.0: reg 0x10: [mem 0x00000000-0x0000007f 64bit]
Jul  6 20:28:55 localhost kernel: pci 0000:01:00.0: BAR 0: assigned [mem 0xf8700000-0xf870007f 64bit]
Jul  6 20:28:55 localhost kernel: xillybus_pcie 0000:01:00.0: enabling device (0000 -> 0002)
Jul  6 20:28:55 localhost kernel: xillybus_pcie 0000:01:00.0: can't disable ASPM; OS doesn't have ASPM control
Jul  6 20:28:55 localhost kernel: xillybus_pcie 0000:01:00.0: Created 10 device files.
Jul  6 20:28:55 localhost kernel: xillybus_pcie 0000:01:00.0: Removed 10 device files.
Jul  6 20:29:05 localhost kernel: pci 0000:01:00.0: [10ee:ebeb] type 00 class 0xff0000
Jul  6 20:29:05 localhost kernel: pci 0000:01:00.0: reg 0x10: [mem 0xf8700000-0xf870007f 64bit]
Jul  6 20:29:05 localhost kernel: pci 0000:01:00.0: BAR 0: assigned [mem 0xf8700000-0xf870007f 64bit]
Jul  6 20:29:05 localhost kernel: xillybus_pcie 0000:01:00.0: can't disable ASPM; OS doesn't have ASPM control
Jul  6 20:29:05 localhost kernel: xillybus_pcie 0000:01:00.0: Created 10 device files.
Jul  6 20:29:26 localhost kernel: xillybus_pcie 0000:01:00.0: Removed 10 device files.
Jul  6 20:29:28 localhost kernel: pci 0000:01:00.0: [10ee:ebeb] type 00 class 0xff0000
Jul  6 20:29:28 localhost kernel: pci 0000:01:00.0: reg 0x10: [mem 0x00000000-0x0000007f 64bit]
Jul  6 20:29:28 localhost kernel: pci 0000:01:00.0: BAR 0: assigned [mem 0xf8700000-0xf870007f 64bit]
Jul  6 20:29:28 localhost kernel: xillybus_pcie 0000:01:00.0: enabling device (0000 -> 0002)
Jul  6 20:29:28 localhost kernel: xillybus_pcie 0000:01:00.0: can't disable ASPM; OS doesn't have ASPM control
Jul  6 20:29:28 localhost kernel: xillybus_pcie 0000:01:00.0: Created 10 device files.
Jul  6 20:29:29 localhost kernel: xillybus_pcie 0000:01:00.0: Removed 10 device files.
Jul  6 20:29:31 localhost kernel: pci 0000:01:00.0: [10ee:ebeb] type 00 class 0xff0000
Jul  6 20:29:31 localhost kernel: pci 0000:01:00.0: reg 0x10: [mem 0x00000000-0x0000007f 64bit]
Jul  6 20:29:31 localhost kernel: pci 0000:01:00.0: BAR 0: assigned [mem 0xf8700000-0xf870007f 64bit]
Jul  6 20:29:31 localhost kernel: xillybus_pcie 0000:01:00.0: enabling device (0000 -> 0002)
Jul  6 20:29:31 localhost kernel: xillybus_pcie 0000:01:00.0: can't disable ASPM; OS doesn't have ASPM control
Jul  6 20:29:31 localhost kernel: xillybus_pcie 0000:01:00.0: Created 10 device files.
Jul  6 20:41:02 localhost kernel: perf: interrupt took too long (2521 > 2500), lowering kernel.perf_event_max_sample_rate to 79000
Jul  6 20:45:42 localhost kernel: perf: interrupt took too long (3164 > 3151), lowering kernel.perf_event_max_sample_rate to 63000
Jul  6 20:53:52 localhost kernel: perf: interrupt took too long (3956 > 3955), lowering kernel.perf_event_max_sample_rate to 50000
Jul  6 21:11:31 localhost kernel: perf: interrupt took too long (4947 > 4945), lowering kernel.perf_event_max_sample_rate to 40000
Jul 11 19:23:40 localhost kernel: Linux version 4.9.65-rt57ur (vagrant@debian-8) (gcc version 4.9.2 (Debian 4.9.2-10+deb8u1) ) #1 SMP PREEMPT RT Fri Mar 16 08:51:19 UTC 2018
Jul 11 19:23:40 localhost kernel: KERNEL supported cpus:
Jul 11 19:23:40 localhost kernel:  Intel GenuineIntel
Jul 11 19:23:40 localhost kernel: x86/fpu: Legacy x87 FPU detected.
Jul 11 19:23:40 localhost kernel: x86/fpu: Using 'eager' FPU context switches.
Jul 11 19:23:40 localhost kernel: e820: BIOS-provided physical RAM map:
Jul 11 19:23:40 localhost kernel: BIOS-e820: [mem 0x0000000000000000-0x000000000009ebff] usable
Jul 11 19:23:40 localhost kernel: BIOS-e820: [mem 0x000000000009ec00-0x000000000009ffff] reserved
Jul 11 19:23:40 localhost kernel: BIOS-e820: [mem 0x00000000000e0000-0x00000000000fffff] reserved
Jul 11 19:23:40 localhost kernel: BIOS-e820: [mem 0x0000000000100000-0x000000001effffff] usable
Jul 11 19:23:40 localhost kernel: BIOS-e820: [mem 0x000000001f000000-0x000000001f0fffff] reserved
Jul 11 19:23:40 localhost kernel: BIOS-e820: [mem 0x000000001f100000-0x000000001fffffff] usable
Jul 11 19:23:40 localhost kernel: BIOS-e820: [mem 0x0000000020000000-0x00000000200fffff] reserved
